Archive member included to satisfy reference by file (symbol)

/home/aatir/SimplicityStudio_v5/developer/toolchains/gnu_arm/12.2.rel1_2023.7/bin/../lib/gcc/arm-none-eabi/12.2.1/../../../../arm-none-eabi/lib/thumb/v8-m.main+fp/hard/libc_nano.a(libc_a-exit.o)
                              /home/aatir/SimplicityStudio_v5/developer/toolchains/gnu_arm/12.2.rel1_2023.7/bin/../lib/gcc/arm-none-eabi/12.2.1/../../../../arm-none-eabi/lib/thumb/v8-m.main+fp/hard/crt0.o (exit)
/home/aatir/SimplicityStudio_v5/developer/toolchains/gnu_arm/12.2.rel1_2023.7/bin/../lib/gcc/arm-none-eabi/12.2.1/../../../../arm-none-eabi/lib/thumb/v8-m.main+fp/hard/libc_nano.a(libc_a-init.o)
                              /home/aatir/SimplicityStudio_v5/developer/toolchains/gnu_arm/12.2.rel1_2023.7/bin/../lib/gcc/arm-none-eabi/12.2.1/../../../../arm-none-eabi/lib/thumb/v8-m.main+fp/hard/crt0.o (__libc_init_array)
/home/aatir/SimplicityStudio_v5/developer/toolchains/gnu_arm/12.2.rel1_2023.7/bin/../lib/gcc/arm-none-eabi/12.2.1/../../../../arm-none-eabi/lib/thumb/v8-m.main+fp/hard/libc_nano.a(libc_a-findfp.o)
                              /home/aatir/SimplicityStudio_v5/developer/toolchains/gnu_arm/12.2.rel1_2023.7/bin/../lib/gcc/arm-none-eabi/12.2.1/../../../../arm-none-eabi/lib/thumb/v8-m.main+fp/hard/libc_nano.a(libc_a-exit.o) (__stdio_exit_handler)
/home/aatir/SimplicityStudio_v5/developer/toolchains/gnu_arm/12.2.rel1_2023.7/bin/../lib/gcc/arm-none-eabi/12.2.1/../../../../arm-none-eabi/lib/thumb/v8-m.main+fp/hard/libc_nano.a(libc_a-stdio.o)
                              /home/aatir/SimplicityStudio_v5/developer/toolchains/gnu_arm/12.2.rel1_2023.7/bin/../lib/gcc/arm-none-eabi/12.2.1/../../../../arm-none-eabi/lib/thumb/v8-m.main+fp/hard/libc_nano.a(libc_a-findfp.o) (__sread)
/home/aatir/SimplicityStudio_v5/developer/toolchains/gnu_arm/12.2.rel1_2023.7/bin/../lib/gcc/arm-none-eabi/12.2.1/../../../../arm-none-eabi/lib/thumb/v8-m.main+fp/hard/libc_nano.a(libc_a-writer.o)
                              /home/aatir/SimplicityStudio_v5/developer/toolchains/gnu_arm/12.2.rel1_2023.7/bin/../lib/gcc/arm-none-eabi/12.2.1/../../../../arm-none-eabi/lib/thumb/v8-m.main+fp/hard/libc_nano.a(libc_a-stdio.o) (_write_r)
/home/aatir/SimplicityStudio_v5/developer/toolchains/gnu_arm/12.2.rel1_2023.7/bin/../lib/gcc/arm-none-eabi/12.2.1/../../../../arm-none-eabi/lib/thumb/v8-m.main+fp/hard/libc_nano.a(libc_a-fwalk.o)
                              /home/aatir/SimplicityStudio_v5/developer/toolchains/gnu_arm/12.2.rel1_2023.7/bin/../lib/gcc/arm-none-eabi/12.2.1/../../../../arm-none-eabi/lib/thumb/v8-m.main+fp/hard/libc_nano.a(libc_a-findfp.o) (_fwalk_sglue)
/home/aatir/SimplicityStudio_v5/developer/toolchains/gnu_arm/12.2.rel1_2023.7/bin/../lib/gcc/arm-none-eabi/12.2.1/../../../../arm-none-eabi/lib/thumb/v8-m.main+fp/hard/libc_nano.a(libc_a-memset.o)
                              /home/aatir/SimplicityStudio_v5/developer/toolchains/gnu_arm/12.2.rel1_2023.7/bin/../lib/gcc/arm-none-eabi/12.2.1/../../../../arm-none-eabi/lib/thumb/v8-m.main+fp/hard/crt0.o (memset)
/home/aatir/SimplicityStudio_v5/developer/toolchains/gnu_arm/12.2.rel1_2023.7/bin/../lib/gcc/arm-none-eabi/12.2.1/../../../../arm-none-eabi/lib/thumb/v8-m.main+fp/hard/libc_nano.a(libc_a-lock.o)
                              /home/aatir/SimplicityStudio_v5/developer/toolchains/gnu_arm/12.2.rel1_2023.7/bin/../lib/gcc/arm-none-eabi/12.2.1/../../../../arm-none-eabi/lib/thumb/v8-m.main+fp/hard/libc_nano.a(libc_a-findfp.o) (__retarget_lock_init_recursive)
/home/aatir/SimplicityStudio_v5/developer/toolchains/gnu_arm/12.2.rel1_2023.7/bin/../lib/gcc/arm-none-eabi/12.2.1/../../../../arm-none-eabi/lib/thumb/v8-m.main+fp/hard/libc_nano.a(libc_a-closer.o)
                              /home/aatir/SimplicityStudio_v5/developer/toolchains/gnu_arm/12.2.rel1_2023.7/bin/../lib/gcc/arm-none-eabi/12.2.1/../../../../arm-none-eabi/lib/thumb/v8-m.main+fp/hard/libc_nano.a(libc_a-stdio.o) (_close_r)
/home/aatir/SimplicityStudio_v5/developer/toolchains/gnu_arm/12.2.rel1_2023.7/bin/../lib/gcc/arm-none-eabi/12.2.1/../../../../arm-none-eabi/lib/thumb/v8-m.main+fp/hard/libc_nano.a(libc_a-reent.o)
                              /home/aatir/SimplicityStudio_v5/developer/toolchains/gnu_arm/12.2.rel1_2023.7/bin/../lib/gcc/arm-none-eabi/12.2.1/../../../../arm-none-eabi/lib/thumb/v8-m.main+fp/hard/libc_nano.a(libc_a-writer.o) (errno)
/home/aatir/SimplicityStudio_v5/developer/toolchains/gnu_arm/12.2.rel1_2023.7/bin/../lib/gcc/arm-none-eabi/12.2.1/../../../../arm-none-eabi/lib/thumb/v8-m.main+fp/hard/libc_nano.a(libc_a-impure.o)
                              /home/aatir/SimplicityStudio_v5/developer/toolchains/gnu_arm/12.2.rel1_2023.7/bin/../lib/gcc/arm-none-eabi/12.2.1/../../../../arm-none-eabi/lib/thumb/v8-m.main+fp/hard/libc_nano.a(libc_a-reent.o) (_impure_ptr)
[...]
Memory Configuration

Name             Origin             Length             Attributes
FLASH            0x0000000000000000 0x000000000007e000 xr
RAM              0x0000000020000000 0x0000000000008000 xrw
*default*        0x0000000000000000 0xffffffffffffffff

Linker script and memory map

LOAD /home/aatir/SimplicityStudio_v5/developer/toolchains/gnu_arm/12.2.rel1_2023.7/bin/../lib/gcc/arm-none-eabi/12.2.1/thumb/v8-m.main+fp/hard/crti.o
LOAD /home/aatir/SimplicityStudio_v5/developer/toolchains/gnu_arm/12.2.rel1_2023.7/bin/../lib/gcc/arm-none-eabi/12.2.1/thumb/v8-m.main+fp/hard/crtbegin.o
LOAD /home/aatir/SimplicityStudio_v5/developer/toolchains/gnu_arm/12.2.rel1_2023.7/bin/../lib/gcc/arm-none-eabi/12.2.1/../../../../arm-none-eabi/lib/thumb/v8-m.main+fp/hard/crt0.o
START GROUP
LOAD ./app.o
LOAD ./main.o
LOAD ./autogen/sl_board_default_init.o
LOAD ./autogen/sl_device_init_clocks.o
LOAD ./autogen/sl_event_handler.o
LOAD ./gecko_sdk_4.4.0/hardware/board/src/sl_board_control_gpio.o
LOAD ./gecko_sdk_4.4.0/hardware/board/src/sl_board_init.o
LOAD ./gecko_sdk_4.4.0/platform/Device/SiliconLabs/BGM22/Source/startup_bgm22.o
LOAD ./gecko_sdk_4.4.0/platform/Device/SiliconLabs/BGM22/Source/system_bgm22.o
LOAD ./gecko_sdk_4.4.0/platform/common/src/sl_assert.o
LOAD ./gecko_sdk_4.4.0/platform/common/src/sl_syscalls.o
LOAD ./gecko_sdk_4.4.0/platform/common/toolchain/src/sl_memory.o
LOAD ./gecko_sdk_4.4.0/platform/emlib/src/em_cmu.o
LOAD ./gecko_sdk_4.4.0/platform/emlib/src/em_core.o
LOAD ./gecko_sdk_4.4.0/platform/emlib/src/em_emu.o
LOAD ./gecko_sdk_4.4.0/platform/emlib/src/em_gpio.o
LOAD ./gecko_sdk_4.4.0/platform/emlib/src/em_msc.o
LOAD ./gecko_sdk_4.4.0/platform/emlib/src/em_system.o
LOAD ./gecko_sdk_4.4.0/platform/service/device_init/src/sl_device_init_dcdc_s2.o
LOAD ./gecko_sdk_4.4.0/platform/service/device_init/src/sl_device_init_emu_s2.o
LOAD ./gecko_sdk_4.4.0/platform/service/device_init/src/sl_device_init_hfxo_s2.o
LOAD ./gecko_sdk_4.4.0/platform/service/device_init/src/sl_device_init_lfxo_s2.o
LOAD ./gecko_sdk_4.4.0/platform/service/device_init/src/sl_device_init_nvic.o
LOAD ./gecko_sdk_4.4.0/platform/service/system/src/sl_system_init.o
LOAD ./gecko_sdk_4.4.0/platform/service/system/src/sl_system_process_action.o
LOAD /home/aatir/SimplicityStudio_v5/developer/toolchains/gnu_arm/12.2.rel1_2023.7/bin/../lib/gcc/arm-none-eabi/12.2.1/thumb/v8-m.main+fp/hard/libgcc.a
LOAD /home/aatir/SimplicityStudio_v5/developer/toolchains/gnu_arm/12.2.rel1_2023.7/bin/../lib/gcc/arm-none-eabi/12.2.1/../../../../arm-none-eabi/lib/thumb/v8-m.main+fp/hard/libc_nano.a
LOAD /home/aatir/SimplicityStudio_v5/developer/toolchains/gnu_arm/12.2.rel1_2023.7/bin/../lib/gcc/arm-none-eabi/12.2.1/../../../../arm-none-eabi/lib/thumb/v8-m.main+fp/hard/libm.a
LOAD /home/aatir/SimplicityStudio_v5/developer/toolchains/gnu_arm/12.2.rel1_2023.7/bin/../lib/gcc/arm-none-eabi/12.2.1/../../../../arm-none-eabi/lib/thumb/v8-m.main+fp/hard/libnosys.a
END GROUP
START GROUP
LOAD /home/aatir/SimplicityStudio_v5/developer/toolchains/gnu_arm/12.2.rel1_2023.7/bin/../lib/gcc/arm-none-eabi/12.2.1/thumb/v8-m.main+fp/hard/libgcc.a
LOAD /home/aatir/SimplicityStudio_v5/developer/toolchains/gnu_arm/12.2.rel1_2023.7/bin/../lib/gcc/arm-none-eabi/12.2.1/../../../../arm-none-eabi/lib/thumb/v8-m.main+fp/hard/libc_nano.a
LOAD /home/aatir/SimplicityStudio_v5/developer/toolchains/gnu_arm/12.2.rel1_2023.7/bin/../lib/gcc/arm-none-eabi/12.2.1/../../../../arm-none-eabi/lib/thumb/v8-m.main+fp/hard/libnosys.a
END GROUP
START GROUP
LOAD /home/aatir/SimplicityStudio_v5/developer/toolchains/gnu_arm/12.2.rel1_2023.7/bin/../lib/gcc/arm-none-eabi/12.2.1/thumb/v8-m.main+fp/hard/libgcc.a
LOAD /home/aatir/SimplicityStudio_v5/developer/toolchains/gnu_arm/12.2.rel1_2023.7/bin/../lib/gcc/arm-none-eabi/12.2.1/../../../../arm-none-eabi/lib/thumb/v8-m.main+fp/hard/libg_nano.a
LOAD /home/aatir/SimplicityStudio_v5/developer/toolchains/gnu_arm/12.2.rel1_2023.7/bin/../lib/gcc/arm-none-eabi/12.2.1/../../../../arm-none-eabi/lib/thumb/v8-m.main+fp/hard/libc_nano.a
END GROUP
START GROUP
LOAD /home/aatir/SimplicityStudio_v5/developer/toolchains/gnu_arm/12.2.rel1_2023.7/bin/../lib/gcc/arm-none-eabi/12.2.1/thumb/v8-m.main+fp/hard/libgcc.a
LOAD /home/aatir/SimplicityStudio_v5/developer/toolchains/gnu_arm/12.2.rel1_2023.7/bin/../lib/gcc/arm-none-eabi/12.2.1/../../../../arm-none-eabi/lib/thumb/v8-m.main+fp/hard/libc_nano.a
END GROUP
LOAD /home/aatir/SimplicityStudio_v5/developer/toolchains/gnu_arm/12.2.rel1_2023.7/bin/../lib/gcc/arm-none-eabi/12.2.1/thumb/v8-m.main+fp/hard/crtend.o
LOAD /home/aatir/SimplicityStudio_v5/developer/toolchains/gnu_arm/12.2.rel1_2023.7/bin/../lib/gcc/arm-none-eabi/12.2.1/thumb/v8-m.main+fp/hard/crtn.o

.text           0x0000000000000000     0x17f4
                0x0000000000000000                linker_vectors_begin = .
 *(.vectors)
 .vectors       0x0000000000000000      0x140 ./gecko_sdk_4.4.0/platform/Device/SiliconLabs/BGM22/Source/startup_bgm22.o
                0x0000000000000000                __Vectors
                0x0000000000000140                linker_vectors_end = .
                0x0000000000000140                __Vectors_End = .
                0x0000000000000140                __Vectors_Size = (__Vectors_End - __Vectors)
                0x0000000000000140                linker_code_begin = .
 *(SORT_BY_ALIGNMENT(.text*))
 .text.deregister_tm_clones
                0x0000000000000140       0x1c /home/aatir/SimplicityStudio_v5/developer/toolchains/gnu_arm/12.2.rel1_2023.7/bin/../lib/gcc/arm-none-eabi/12.2.1/thumb/v8-m.main+fp/hard/crtbegin.o
 .text.register_tm_clones
                0x000000000000015c       0x28 /home/aatir/SimplicityStudio_v5/developer/toolchains/gnu_arm/12.2.rel1_2023.7/bin/../lib/gcc/arm-none-eabi/12.2.1/thumb/v8-m.main+fp/hard/crtbegin.o
 .text.__do_global_dtors_aux
                0x0000000000000184       0x28 /home/aatir/SimplicityStudio_v5/developer/toolchains/gnu_arm/12.2.rel1_2023.7/bin/../lib/gcc/arm-none-eabi/12.2.1/thumb/v8-m.main+fp/hard/crtbegin.o
 .text.frame_dummy
                0x00000000000001ac       0x24 /home/aatir/SimplicityStudio_v5/developer/toolchains/gnu_arm/12.2.rel1_2023.7/bin/../lib/gcc/arm-none-eabi/12.2.1/thumb/v8-m.main+fp/hard/crtbegin.o
 .text          0x00000000000001d0       0x7c /home/aatir/SimplicityStudio_v5/developer/toolchains/gnu_arm/12.2.rel1_2023.7/bin/../lib/gcc/arm-none-eabi/12.2.1/../../../../arm-none-eabi/lib/thumb/v8-m.main+fp/hard/crt0.o
                0x00000000000001d0                _stack_init
                0x00000000000001d8                _mainCRTStartup
                0x00000000000001d8                _start
 .text.initUSART0
                0x000000000000024c       0x44 ./app.o
                0x000000000000024c                initUSART0
 .text.sl_device_init_clocks
                0x0000000000000290       0x9c ./autogen/sl_device_init_clocks.o
                0x0000000000000290                sl_device_init_clocks
 .text.sl_platform_init
                0x000000000000032c       0x58 ./autogen/sl_event_handler.o
                0x000000000000032c                sl_platform_init
 .text.CopyRamFuncs
                0x0000000000000384       0x1c ./gecko_sdk_4.4.0/platform/Device/SiliconLabs/BGM22/Source/startup_bgm22.o
                0x0000000000000384                CopyRamFuncs
 .text.Reset_Handler
                0x00000000000003a0       0x64 ./gecko_sdk_4.4.0/platform/Device/SiliconLabs/BGM22/Source/startup_bgm22.o
                0x00000000000003a0                Reset_Handler
 .text.SystemInit
                0x0000000000000404       0x64 ./gecko_sdk_4.4.0/platform/Device/SiliconLabs/BGM22/Source/system_bgm22.o
                0x0000000000000404                SystemInit
 .text.SystemHFRCODPLLClockGet
                0x0000000000000468        0xc ./gecko_sdk_4.4.0/platform/Device/SiliconLabs/BGM22/Source/system_bgm22.o
                0x0000000000000468                SystemHFRCODPLLClockGet
 .text.SystemSYSCLKGet
                0x0000000000000474       0x34 ./gecko_sdk_4.4.0/platform/Device/SiliconLabs/BGM22/Source/system_bgm22.o
                0x0000000000000474                SystemSYSCLKGet
 .text.SystemHCLKGet
                0x00000000000004a8       0x24 ./gecko_sdk_4.4.0/platform/Device/SiliconLabs/BGM22/Source/system_bgm22.o
                0x00000000000004a8                SystemHCLKGet
 .text.SystemMaxCoreClockGet
                0x00000000000004cc        0x8 ./gecko_sdk_4.4.0/platform/Device/SiliconLabs/BGM22/Source/system_bgm22.o
                0x00000000000004cc                SystemMaxCoreClockGet
 .text.SystemHFXOClockGet
                0x00000000000004d4        0xc ./gecko_sdk_4.4.0/platform/Device/SiliconLabs/BGM22/Source/system_bgm22.o
                0x00000000000004d4                SystemHFXOClockGet
 .text.SystemHFXOClockSet
                0x00000000000004e0       0x20 ./gecko_sdk_4.4.0/platform/Device/SiliconLabs/BGM22/Source/system_bgm22.o
                0x00000000000004e0                SystemHFXOClockSet
 .text.SystemFSRCOClockGet
                0x0000000000000500        0x8 ./gecko_sdk_4.4.0/platform/Device/SiliconLabs/BGM22/Source/system_bgm22.o
                0x0000000000000500                SystemFSRCOClockGet
 .text.SystemLFXOClockGet
                0x0000000000000508        0xc ./gecko_sdk_4.4.0/platform/Device/SiliconLabs/BGM22/Source/system_bgm22.o
                0x0000000000000508                SystemLFXOClockGet
 .text.EMU_VScaleGet
                0x0000000000000514       0x18 ./gecko_sdk_4.4.0/platform/emlib/src/em_cmu.o
 .text.em01GrpaClkGet
                0x000000000000052c       0x48 ./gecko_sdk_4.4.0/platform/emlib/src/em_cmu.o
 .text.iadcClkGet
                0x0000000000000574       0x54 ./gecko_sdk_4.4.0/platform/emlib/src/em_cmu.o
 .text.em01GrpbClkGet
                0x00000000000005c8       0x74 ./gecko_sdk_4.4.0/platform/emlib/src/em_cmu.o
 .text.em23GrpaClkGet
                0x000000000000063c       0x48 ./gecko_sdk_4.4.0/platform/emlib/src/em_cmu.o
 .text.wdog0ClkGet
                0x0000000000000684       0x64 ./gecko_sdk_4.4.0/platform/emlib/src/em_cmu.o
 .text.rtccClkGet
                0x00000000000006e8       0x54 ./gecko_sdk_4.4.0/platform/emlib/src/em_cmu.o
 .text.em4GrpaClkGet
                0x000000000000073c       0x48 ./gecko_sdk_4.4.0/platform/emlib/src/em_cmu.o
 .text.euart0ClkGet
                0x0000000000000784       0x48 ./gecko_sdk_4.4.0/platform/emlib/src/em_cmu.o
 .text.CMU_ClockDivGet
                0x00000000000007cc       0x84 ./gecko_sdk_4.4.0/platform/emlib/src/em_cmu.o
                0x00000000000007cc                CMU_ClockDivGet
 .text.flashWaitStateControl
                0x0000000000000850       0x4c ./gecko_sdk_4.4.0/platform/emlib/src/em_cmu.o
 .text.CMU_ClockEnable
                0x000000000000089c       0x54 ./gecko_sdk_4.4.0/platform/emlib/src/em_cmu.o
                0x000000000000089c                CMU_ClockEnable
 .text.CMU_ClockFreqGet
                0x00000000000008f0      0x198 ./gecko_sdk_4.4.0/platform/emlib/src/em_cmu.o
                0x00000000000008f0                CMU_ClockFreqGet
 .text.rhclkPrescOptimize
                0x0000000000000a88       0x20 ./gecko_sdk_4.4.0/platform/emlib/src/em_cmu.o
 .text.CMU_ClockSelectGet
                0x0000000000000aa8      0x168 ./gecko_sdk_4.4.0/platform/emlib/src/em_cmu.o
                0x0000000000000aa8                CMU_ClockSelectGet
 .text.sli_em_cmu_HFXOSetForceEnable
                0x0000000000000c10       0x18 ./gecko_sdk_4.4.0/platform/emlib/src/em_cmu.o
                0x0000000000000c10                sli_em_cmu_HFXOSetForceEnable
 .text.CMU_HFXOInit
                0x0000000000000c28      0x1dc ./gecko_sdk_4.4.0/platform/emlib/src/em_cmu.o
                0x0000000000000c28                CMU_HFXOInit
 .text.CMU_HFXOCTuneDeltaGet
                0x0000000000000e04        0xc ./gecko_sdk_4.4.0/platform/emlib/src/em_cmu.o
                0x0000000000000e04                CMU_HFXOCTuneDeltaGet
 .text.CMU_LFXOInit
                0x0000000000000e10       0xc4 ./gecko_sdk_4.4.0/platform/emlib/src/em_cmu.o
                0x0000000000000e10                CMU_LFXOInit
 .text.CMU_LFXOPrecisionSet
                0x0000000000000ed4        0xc ./gecko_sdk_4.4.0/platform/emlib/src/em_cmu.o
                0x0000000000000ed4                CMU_LFXOPrecisionSet
 .text.CMU_HFXOPrecisionSet
                0x0000000000000ee0        0xc ./gecko_sdk_4.4.0/platform/emlib/src/em_cmu.o
                0x0000000000000ee0                CMU_HFXOPrecisionSet
 .text.CMU_ClockDivSet
                0x0000000000000eec      0x104 ./gecko_sdk_4.4.0/platform/emlib/src/em_cmu.o
                0x0000000000000eec                CMU_ClockDivSet
 .text.sli_em_cmu_SYSCLKInitPreClockSelect
                0x0000000000000ff0       0x20 ./gecko_sdk_4.4.0/platform/emlib/src/em_cmu.o
                0x0000000000000ff0                sli_em_cmu_SYSCLKInitPreClockSelect
 .text.pclkDivOptimize
                0x0000000000001010       0x24 ./gecko_sdk_4.4.0/platform/emlib/src/em_cmu.o
 .text.EMU_EM4Init
                0x0000000000001034       0x14 ./gecko_sdk_4.4.0/platform/emlib/src/em_emu.o
                0x0000000000001034                EMU_EM4Init
 .text.EMU_VScaleEM01
                0x0000000000001048       0xa8 ./gecko_sdk_4.4.0/platform/emlib/src/em_emu.o
                0x0000000000001048                EMU_VScaleEM01
 .text.EMU_VScaleEM01ByClock
                0x00000000000010f0       0x30 ./gecko_sdk_4.4.0/platform/emlib/src/em_emu.o
                0x00000000000010f0                EMU_VScaleEM01ByClock
 .text.EMU_DCDCModeSet
                0x0000000000001120       0xb8 ./gecko_sdk_4.4.0/platform/emlib/src/em_emu.o
                0x0000000000001120                EMU_DCDCModeSet
 .text.EMU_DCDCInit
                0x00000000000011d8       0x74 ./gecko_sdk_4.4.0/platform/emlib/src/em_emu.o
                0x00000000000011d8                EMU_DCDCInit
 .text.GPIO_PinOutSet
                0x000000000000124c       0x40 ./gecko_sdk_4.4.0/platform/emlib/src/em_gpio.o
 .text.GPIO_PinOutClear
                0x000000000000128c       0x40 ./gecko_sdk_4.4.0/platform/emlib/src/em_gpio.o
 .text.GPIO_PinModeSet
                0x00000000000012cc       0x90 ./gecko_sdk_4.4.0/platform/emlib/src/em_gpio.o
                0x00000000000012cc                GPIO_PinModeSet
 .text.SYSTEM_GetProdRev
                0x000000000000135c       0x10 ./gecko_sdk_4.4.0/platform/emlib/src/em_system.o
                0x000000000000135c                SYSTEM_GetProdRev
 .text.sl_device_init_dcdc
                0x000000000000136c       0x20 ./gecko_sdk_4.4.0/platform/service/device_init/src/sl_device_init_dcdc_s2.o
                0x000000000000136c                sl_device_init_dcdc
 .text.sl_device_init_emu
                0x000000000000138c       0x24 ./gecko_sdk_4.4.0/platform/service/device_init/src/sl_device_init_emu_s2.o
                0x000000000000138c                sl_device_init_emu
 .text.sl_device_init_hfxo
                0x00000000000013b0       0x70 ./gecko_sdk_4.4.0/platform/service/device_init/src/sl_device_init_hfxo_s2.o
                0x00000000000013b0                sl_device_init_hfxo
 .text.sl_device_init_lfxo
                0x0000000000001420       0x2c ./gecko_sdk_4.4.0/platform/service/device_init/src/sl_device_init_lfxo_s2.o
                0x0000000000001420                sl_device_init_lfxo
 .text.sl_device_init_nvic
                0x000000000000144c       0x3c ./gecko_sdk_4.4.0/platform/service/device_init/src/sl_device_init_nvic.o
                0x000000000000144c                sl_device_init_nvic
 .text.exit     0x0000000000001488       0x24 /home/aatir/SimplicityStudio_v5/developer/toolchains/gnu_arm/12.2.rel1_2023.7/bin/../lib/gcc/arm-none-eabi/12.2.1/../../../../arm-none-eabi/lib/thumb/v8-m.main+fp/hard/libc_nano.a(libc_a-exit.o)
                0x0000000000001488                exit
 .text.__libc_init_array
                0x00000000000014ac       0x48 /home/aatir/SimplicityStudio_v5/developer/toolchains/gnu_arm/12.2.rel1_2023.7/bin/../lib/gcc/arm-none-eabi/12.2.1/../../../../arm-none-eabi/lib/thumb/v8-m.main+fp/hard/libc_nano.a(libc_a-init.o)
                0x00000000000014ac                __libc_init_array
 .text.initCMU  0x00000000000014f4       0x16 ./app.o
                0x00000000000014f4                initCMU
 .text.initGPIO
                0x000000000000150a       0x2a ./app.o
                0x000000000000150a                initGPIO
 .text.app_init
                0x0000000000001534       0x12 ./app.o
                0x0000000000001534                app_init
 .text.app_process_action
                0x0000000000001546        0x2 ./app.o
                0x0000000000001546                app_process_action
 .text.startup.main
                0x0000000000001548       0x14 ./main.o
                0x0000000000001548                main
 .text.sl_board_default_init
                0x000000000000155c        0x2 ./autogen/sl_board_default_init.o
                0x000000000000155c                sl_board_default_init
 .text.sl_driver_init
                0x000000000000155e        0x2 ./autogen/sl_event_handler.o
                0x000000000000155e                sl_driver_init
 .text.sl_service_init
                0x0000000000001560        0x4 ./autogen/sl_event_handler.o
                0x0000000000001560                sl_service_init
 .text.sl_stack_init
                0x0000000000001564        0x2 ./autogen/sl_event_handler.o
                0x0000000000001564                sl_stack_init
 .text.sl_internal_app_init
                0x0000000000001566        0x2 ./autogen/sl_event_handler.o
                0x0000000000001566                sl_internal_app_init
 .text.sl_platform_process_action
                0x0000000000001568        0x2 ./autogen/sl_event_handler.o
                0x0000000000001568                sl_platform_process_action
 .text.sl_service_process_action
                0x000000000000156a        0x2 ./autogen/sl_event_handler.o
                0x000000000000156a                sl_service_process_action
 .text.sl_stack_process_action
                0x000000000000156c        0x2 ./autogen/sl_event_handler.o
                0x000000000000156c                sl_stack_process_action
 .text.sl_internal_app_process_action
                0x000000000000156e        0x2 ./autogen/sl_event_handler.o
                0x000000000000156e                sl_internal_app_process_action
 .text.sl_board_configure_vcom
                0x0000000000001570        0x4 ./gecko_sdk_4.4.0/hardware/board/src/sl_board_control_gpio.o
                0x0000000000001570                sl_board_configure_vcom
 .text.sl_board_init
                0x0000000000001574       0x12 ./gecko_sdk_4.4.0/hardware/board/src/sl_board_init.o
                0x0000000000001574                sl_board_init
 .text.sl_board_preinit
                0x0000000000001586        0x8 ./gecko_sdk_4.4.0/hardware/board/src/sl_board_init.o
                0x0000000000001586                sl_board_preinit
 .text.Default_Handler
                0x000000000000158e        0x2 ./gecko_sdk_4.4.0/platform/Device/SiliconLabs/BGM22/Source/startup_bgm22.o
                0x000000000000158e                ULFRCO_IRQHandler
                0x000000000000158e                SW2_IRQHandler
                0x000000000000158e                TIMER2_IRQHandler
                0x000000000000158e                DebugMon_Handler
                0x000000000000158e                PKE_IRQHandler
                0x000000000000158e                USART0_TX_IRQHandler
                0x000000000000158e                PRORTC_IRQHandler
                0x000000000000158e                IADC_IRQHandler
                0x000000000000158e                I2C0_IRQHandler
                0x000000000000158e                LFXO_IRQHandler
                0x000000000000158e                CRYPTOACC_IRQHandler
                0x000000000000158e                HardFault_Handler
                0x000000000000158e                SMU_SECURE_IRQHandler
                0x000000000000158e                SysTick_Handler
                0x000000000000158e                USART1_RX_IRQHandler
                0x000000000000158e                EMUEFP_IRQHandler
                0x000000000000158e                PendSV_Handler
                0x000000000000158e                NMI_Handler
                0x000000000000158e                SYNTH_IRQHandler
                0x000000000000158e                HFXO0_IRQHandler
                0x000000000000158e                I2C1_IRQHandler
                0x000000000000158e                PDM_IRQHandler
                0x000000000000158e                WDOG0_IRQHandler
                0x000000000000158e                TIMER3_IRQHandler
                0x000000000000158e                SYSCFG_IRQHandler
                0x000000000000158e                EMUSE_IRQHandler
                0x000000000000158e                EMUDG_IRQHandler
                0x000000000000158e                USART1_TX_IRQHandler
                0x000000000000158e                MSC_IRQHandler
                0x000000000000158e                DPLL0_IRQHandler
                0x000000000000158e                UsageFault_Handler
                0x000000000000158e                M33CTI1_IRQHandler
                0x000000000000158e                TIMER4_IRQHandler
                0x000000000000158e                GPIO_EVEN_IRQHandler
                0x000000000000158e                LDMA_IRQHandler
                0x000000000000158e                SW0_IRQHandler
                0x000000000000158e                TIMER0_IRQHandler
                0x000000000000158e                LETIMER0_IRQHandler
                0x000000000000158e                TIMER1_IRQHandler
                0x000000000000158e                HFRCO0_IRQHandler
                0x000000000000158e                RFSENSE_IRQHandler
                0x000000000000158e                SecureFault_Handler
                0x000000000000158e                BUFC_IRQHandler
                0x000000000000158e                DCDC_IRQHandler
                0x000000000000158e                MODEM_IRQHandler
                0x000000000000158e                Default_Handler
                0x000000000000158e                RAC_SEQ_IRQHandler
                0x000000000000158e                FRC_PRI_IRQHandler
                0x000000000000158e                EMU_IRQHandler
                0x000000000000158e                SW3_IRQHandler
                0x000000000000158e                KERNEL0_IRQHandler
                0x000000000000158e                FRC_IRQHandler
                0x000000000000158e                KERNEL1_IRQHandler
                0x000000000000158e                AGC_IRQHandler
                0x000000000000158e                sl_app_properties
                0x000000000000158e                BURTC_IRQHandler
                0x000000000000158e                LFRCO_IRQHandler
                0x000000000000158e                USART0_RX_IRQHandler
                0x000000000000158e                MemManage_Handler
                0x000000000000158e                RDMAILBOX_IRQHandler
                0x000000000000158e                SVC_Handler
                0x000000000000158e                RTCC_IRQHandler
                0x000000000000158e                SMU_S_PRIVILEGED_IRQHandler
                0x000000000000158e                SW1_IRQHandler
                0x000000000000158e                CMU_IRQHandler
                0x000000000000158e                RAC_RSM_IRQHandler
                0x000000000000158e                EUART0_TX_IRQHandler
                0x000000000000158e                EUART0_RX_IRQHandler
                0x000000000000158e                GPIO_ODD_IRQHandler
                0x000000000000158e                AES_IRQHandler
                0x000000000000158e                M33CTI0_IRQHandler
                0x000000000000158e                ICACHE0_IRQHandler
                0x000000000000158e                SMU_NS_PRIVILEGED_IRQHandler
                0x000000000000158e                PROTIMER_IRQHandler
                0x000000000000158e                BusFault_Handler
                0x000000000000158e                TRNG_IRQHandler
 .text.FlashToRamCopy
                0x0000000000001590       0x16 ./gecko_sdk_4.4.0/platform/Device/SiliconLabs/BGM22/Source/system_bgm22.o
                0x0000000000001590                FlashToRamCopy
 .text.SystemCLKIN0Get
                0x00000000000015a6        0x4 ./gecko_sdk_4.4.0/platform/Device/SiliconLabs/BGM22/Source/system_bgm22.o
                0x00000000000015a6                SystemCLKIN0Get
 .text.SystemLFRCOClockGet
                0x00000000000015aa        0x6 ./gecko_sdk_4.4.0/platform/Device/SiliconLabs/BGM22/Source/system_bgm22.o
                0x00000000000015aa                SystemLFRCOClockGet
 .text.SystemULFRCOClockGet
                0x00000000000015b0        0x6 ./gecko_sdk_4.4.0/platform/Device/SiliconLabs/BGM22/Source/system_bgm22.o
                0x00000000000015b0                SystemULFRCOClockGet
 .text.assertEFM
                0x00000000000015b6        0x2 ./gecko_sdk_4.4.0/platform/common/src/sl_assert.o
                0x00000000000015b6                assertEFM
 .text._exit    0x00000000000015b8        0x2 ./gecko_sdk_4.4.0/platform/common/src/sl_syscalls.o
                0x00000000000015b8                _exit
 .text.waitStateMax
                0x00000000000015ba       0x10 ./gecko_sdk_4.4.0/platform/emlib/src/em_cmu.o
 .text.CMU_UpdateWaitStates
                0x00000000000015ca        0xc ./gecko_sdk_4.4.0/platform/emlib/src/em_cmu.o
                0x00000000000015ca                CMU_UpdateWaitStates
 .text.pclkDivMax
                0x00000000000015d6        0xa ./gecko_sdk_4.4.0/platform/emlib/src/em_cmu.o
 .text.sli_em_cmu_SYSCLKInitPostClockSelect
                0x00000000000015e0       0x2a ./gecko_sdk_4.4.0/platform/emlib/src/em_cmu.o
                0x00000000000015e0                sli_em_cmu_SYSCLKInitPostClockSelect
 .text.CORE_EnterCritical
                0x000000000000160a        0x8 ./gecko_sdk_4.4.0/platform/emlib/src/em_core.o
                0x000000000000160a                CORE_EnterCritical
 .text.CORE_ExitCritical
                0x0000000000001612        0x6 ./gecko_sdk_4.4.0/platform/emlib/src/em_core.o
                0x0000000000001612                CORE_ExitCritical
 .text.EMU_EFPEM01VScale
                0x0000000000001618        0x2 ./gecko_sdk_4.4.0/platform/emlib/src/em_emu.o
                0x0000000000001618                EMU_EFPEM01VScale
 .text.EMU_DCDCUpdatedHook
                0x000000000000161a        0x2 ./gecko_sdk_4.4.0/platform/emlib/src/em_emu.o
                0x000000000000161a                EMU_DCDCUpdatedHook
 .text.BUS_RegMaskedWrite
                0x000000000000161c       0x1e ./gecko_sdk_4.4.0/platform/emlib/src/em_gpio.o
 .text.sl_system_init
                0x000000000000163a       0x1a ./gecko_sdk_4.4.0/platform/service/system/src/sl_system_init.o
                0x000000000000163a                sl_system_init
 .text.sl_system_process_action
                0x0000000000001654       0x16 ./gecko_sdk_4.4.0/platform/service/system/src/sl_system_process_action.o
                0x0000000000001654                sl_system_process_action
 .text.memset   0x000000000000166a       0x10 /home/aatir/SimplicityStudio_v5/developer/toolchains/gnu_arm/12.2.rel1_2023.7/bin/../lib/gcc/arm-none-eabi/12.2.1/../../../../arm-none-eabi/lib/thumb/v8-m.main+fp/hard/libc_nano.a(libc_a-memset.o)
                0x000000000000166a                memset
                0x0000000000001680                . = ALIGN (0x20)
 *fill*         0x000000000000167a        0x6 
                0x0000000000001680                linker_code_end = .
 *(.init)
 .init          0x0000000000001680        0x4 /home/aatir/SimplicityStudio_v5/developer/toolchains/gnu_arm/12.2.rel1_2023.7/bin/../lib/gcc/arm-none-eabi/12.2.1/thumb/v8-m.main+fp/hard/crti.o
                0x0000000000001680                _init
 .init          0x0000000000001684        0x8 /home/aatir/SimplicityStudio_v5/developer/toolchains/gnu_arm/12.2.rel1_2023.7/bin/../lib/gcc/arm-none-eabi/12.2.1/thumb/v8-m.main+fp/hard/crtn.o
 *(.fini)
 .fini          0x000000000000168c        0x4 /home/aatir/SimplicityStudio_v5/developer/toolchains/gnu_arm/12.2.rel1_2023.7/bin/../lib/gcc/arm-none-eabi/12.2.1/thumb/v8-m.main+fp/hard/crti.o
                0x000000000000168c                _fini
 .fini          0x0000000000001690        0x8 /home/aatir/SimplicityStudio_v5/developer/toolchains/gnu_arm/12.2.rel1_2023.7/bin/../lib/gcc/arm-none-eabi/12.2.1/thumb/v8-m.main+fp/hard/crtn.o
 *crtbegin.o(.ctors)
 *crtbegin?.o(.ctors)
 *(EXCLUDE_FILE(*crtend.o *crtend?.o) .ctors)
 *(SORT_BY_NAME(.ctors.*))
 *(.ctors)
 *crtbegin.o(.dtors)
 *crtbegin?.o(.dtors)
 *(EXCLUDE_FILE(*crtend.o *crtend?.o) .dtors)
 *(SORT_BY_NAME(.dtors.*))
 *(.dtors)
                0x0000000000001698                __code_classification_validator_start__ = .
                0x00000000000016b8                . = (. + 0x20)
 *fill*         0x0000000000001698       0x20 
 *(code_classification_validator)
                0x00000000000016c0                . = ALIGN (0x20)
 *fill*         0x00000000000016b8        0x8 
                0x00000000000016c0                __code_classification_validator_end__ = .
 *(.rodata*)
 .rodata        0x00000000000016c0       0x1c ./app.o
 .rodata.HFRCODPLLDevinfoGet.str1.1
                0x00000000000016dc       0x32 ./gecko_sdk_4.4.0/platform/emlib/src/em_cmu.o
 .rodata.EMU_VScaleEM01.str1.1
                0x000000000000170e       0x32 ./gecko_sdk_4.4.0/platform/emlib/src/em_emu.o
 .rodata.GPIO_PinOutSet.str1.1
                0x0000000000001740       0x34 ./gecko_sdk_4.4.0/platform/emlib/src/em_gpio.o
 .rodata.GPIO_ExtIntConfig.str1.1
                0x0000000000001774       0x33 ./gecko_sdk_4.4.0/platform/emlib/src/em_gpio.o
 *fill*         0x00000000000017a7        0x1 
 .rodata.CSWTCH.31
                0x00000000000017a8        0x8 ./gecko_sdk_4.4.0/platform/emlib/src/em_gpio.o
 .rodata        0x00000000000017b0        0x8 ./gecko_sdk_4.4.0/platform/service/device_init/src/sl_device_init_dcdc_s2.o
 .rodata        0x00000000000017b8       0x28 ./gecko_sdk_4.4.0/platform/service/device_init/src/sl_device_init_hfxo_s2.o
 .rodata        0x00000000000017e0       0x14 ./gecko_sdk_4.4.0/platform/service/device_init/src/sl_device_init_lfxo_s2.o
 *(.eh_frame*)
 .eh_frame      0x00000000000017f4        0x0 /home/aatir/SimplicityStudio_v5/developer/toolchains/gnu_arm/12.2.rel1_2023.7/bin/../lib/gcc/arm-none-eabi/12.2.1/thumb/v8-m.main+fp/hard/crtbegin.o

.glue_7         0x00000000000017f4        0x0
 .glue_7        0x00000000000017f4        0x0 linker stubs

.glue_7t        0x00000000000017f4        0x0
 .glue_7t       0x00000000000017f4        0x0 linker stubs

.vfp11_veneer   0x00000000000017f4        0x0
 .vfp11_veneer  0x00000000000017f4        0x0 linker stubs

.v4_bx          0x00000000000017f4        0x0
 .v4_bx         0x00000000000017f4        0x0 linker stubs

.iplt           0x00000000000017f4        0x0
 .iplt          0x00000000000017f4        0x0 /home/aatir/SimplicityStudio_v5/developer/toolchains/gnu_arm/12.2.rel1_2023.7/bin/../lib/gcc/arm-none-eabi/12.2.1/thumb/v8-m.main+fp/hard/crtbegin.o

.ARM.extab
 *(.ARM.extab* .gnu.linkonce.armextab.*)
                0x00000000000017f4                __exidx_start = .

.ARM.exidx      0x00000000000017f4        0x8
 *(.ARM.exidx* .gnu.linkonce.armexidx.*)
 .ARM.exidx     0x00000000000017f4        0x8 /home/aatir/SimplicityStudio_v5/developer/toolchains/gnu_arm/12.2.rel1_2023.7/bin/../lib/gcc/arm-none-eabi/12.2.1/../../../../arm-none-eabi/lib/thumb/v8-m.main+fp/hard/crt0.o
                                         0x10 (size before relaxing)
                0x00000000000017fc                __exidx_end = .

.rel.dyn        0x00000000000017fc        0x0
 .rel.iplt      0x00000000000017fc        0x0 /home/aatir/SimplicityStudio_v5/developer/toolchains/gnu_arm/12.2.rel1_2023.7/bin/../lib/gcc/arm-none-eabi/12.2.1/thumb/v8-m.main+fp/hard/crtbegin.o

.copy.table     0x00000000000017fc        0xc
                0x00000000000017fc                . = ALIGN (0x4)
                0x00000000000017fc                __copy_table_start__ = .
                0x00000000000017fc        0x4 LONG 0x1808 __etext
                0x0000000000001800        0x4 LONG 0x20001000 __data_start__
                0x0000000000001804        0x4 LONG 0x7 ((__data_end__ - __data_start__) / 0x4)
                0x0000000000001808                __copy_table_end__ = .

.zero.table     0x0000000000001808        0x0
                0x0000000000001808                . = ALIGN (0x4)
                0x0000000000001808                __zero_table_start__ = .
                0x0000000000001808                __zero_table_end__ = .
                0x0000000000001808                __etext = .
                0x0000000020000000                . = ORIGIN (RAM)

.stack          0x0000000020000000     0x1000
                0x0000000020000000                __StackLimit = .
 *(.stack*)
 .stack         0x0000000020000000     0x1000 ./gecko_sdk_4.4.0/platform/common/toolchain/src/sl_memory.o
                0x0000000020001000                . = ALIGN (0x4)
                0x0000000020001000                __StackTop = .
                0x0000000020001000                PROVIDE (__stack = __StackTop)

.noinit
 *(.noinit*)

.data           0x0000000020001000       0x1c load address 0x0000000000001808
                0x0000000020001000                . = ALIGN (0x4)
                0x0000000020001000                __data_start__ = .
 *(vtable)
 *(SORT_BY_ALIGNMENT(.data*))
 .data.SystemCoreClock
                0x0000000020001000        0x4 ./gecko_sdk_4.4.0/platform/Device/SiliconLabs/BGM22/Source/system_bgm22.o
                0x0000000020001000                SystemCoreClock
 .data.SystemHFRCODPLLClock
                0x0000000020001004        0x4 ./gecko_sdk_4.4.0/platform/Device/SiliconLabs/BGM22/Source/system_bgm22.o
 .data.SystemLFXOClock
                0x0000000020001008        0x4 ./gecko_sdk_4.4.0/platform/Device/SiliconLabs/BGM22/Source/system_bgm22.o
 .data.SystemHFXOClock
                0x000000002000100c        0x4 ./gecko_sdk_4.4.0/platform/Device/SiliconLabs/BGM22/Source/system_bgm22.o
 .data.hfxo_precision
                0x0000000020001010        0x2 ./gecko_sdk_4.4.0/platform/emlib/src/em_cmu.o
 .data.lfxo_precision
                0x0000000020001012        0x2 ./gecko_sdk_4.4.0/platform/emlib/src/em_cmu.o
                0x0000000020001014                . = ALIGN (0x4)
                [!provide]                        PROVIDE (__ram_func_section_start = .)
 *(.ram)
                [!provide]                        PROVIDE (__ram_func_section_end = .)
                0x0000000020001014                . = ALIGN (0x4)
                0x0000000020001014                PROVIDE (__preinit_array_start = .)
 *(.preinit_array)
                0x0000000020001014                PROVIDE (__preinit_array_end = .)
                0x0000000020001014                . = ALIGN (0x4)
                0x0000000020001014                PROVIDE (__init_array_start = .)
 *(SORT_BY_NAME(.init_array.*))
 *(.init_array)
 .init_array    0x0000000020001014        0x4 /home/aatir/SimplicityStudio_v5/developer/toolchains/gnu_arm/12.2.rel1_2023.7/bin/../lib/gcc/arm-none-eabi/12.2.1/thumb/v8-m.main+fp/hard/crtbegin.o
                0x0000000020001018                PROVIDE (__init_array_end = .)
                0x0000000020001018                . = ALIGN (0x4)
                [!provide]                        PROVIDE (__fini_array_start = .)
 *(SORT_BY_NAME(.fini_array.*))
 *(.fini_array)
 .fini_array    0x0000000020001018        0x4 /home/aatir/SimplicityStudio_v5/developer/toolchains/gnu_arm/12.2.rel1_2023.7/bin/../lib/gcc/arm-none-eabi/12.2.1/thumb/v8-m.main+fp/hard/crtbegin.o
                [!provide]                        PROVIDE (__fini_array_end = .)
                0x000000002000101c                . = ALIGN (0x4)
                0x000000002000101c                __data_end__ = .

.tm_clone_table
                0x000000002000101c        0x0 load address 0x0000000000001824
 .tm_clone_table
                0x000000002000101c        0x0 /home/aatir/SimplicityStudio_v5/developer/toolchains/gnu_arm/12.2.rel1_2023.7/bin/../lib/gcc/arm-none-eabi/12.2.1/thumb/v8-m.main+fp/hard/crtbegin.o
 .tm_clone_table
                0x000000002000101c        0x0 /home/aatir/SimplicityStudio_v5/developer/toolchains/gnu_arm/12.2.rel1_2023.7/bin/../lib/gcc/arm-none-eabi/12.2.1/thumb/v8-m.main+fp/hard/crtend.o

.igot.plt       0x000000002000101c        0x0 load address 0x0000000000001824
 .igot.plt      0x000000002000101c        0x0 /home/aatir/SimplicityStudio_v5/developer/toolchains/gnu_arm/12.2.rel1_2023.7/bin/../lib/gcc/arm-none-eabi/12.2.1/thumb/v8-m.main+fp/hard/crtbegin.o

.bss            0x000000002000101c       0x20 load address 0x0000000000001824
                0x000000002000101c                . = ALIGN (0x4)
                0x000000002000101c                __bss_start__ = .
 *(SORT_BY_ALIGNMENT(.bss*))
 .bss.object.0  0x000000002000101c       0x18 /home/aatir/SimplicityStudio_v5/developer/toolchains/gnu_arm/12.2.rel1_2023.7/bin/../lib/gcc/arm-none-eabi/12.2.1/thumb/v8-m.main+fp/hard/crtbegin.o
 .bss.__stdio_exit_handler
                0x0000000020001034        0x4 /home/aatir/SimplicityStudio_v5/developer/toolchains/gnu_arm/12.2.rel1_2023.7/bin/../lib/gcc/arm-none-eabi/12.2.1/../../../../arm-none-eabi/lib/thumb/v8-m.main+fp/hard/libc_nano.a(libc_a-findfp.o)
                0x0000000020001034                __stdio_exit_handler
 .bss.completed.1
                0x0000000020001038        0x1 /home/aatir/SimplicityStudio_v5/developer/toolchains/gnu_arm/12.2.rel1_2023.7/bin/../lib/gcc/arm-none-eabi/12.2.1/thumb/v8-m.main+fp/hard/crtbegin.o
 .bss.ctuneDelta
                0x0000000020001039        0x1 ./gecko_sdk_4.4.0/platform/emlib/src/em_cmu.o
 .bss.vScaleEM01Config
                0x000000002000103a        0x1 ./gecko_sdk_4.4.0/platform/emlib/src/em_emu.o
 *(COMMON)
                0x000000002000103c                . = ALIGN (0x4)
 *fill*         0x000000002000103b        0x1 
                0x000000002000103c                __bss_end__ = .
                0x000000002000103c                __ramfuncs_start__ = .
                0x000000002000103c                __vma_ramfuncs_start__ = .
                0x0000000000001824                __lma_ramfuncs_start__ = (__etext + SIZEOF (.data))
                0x0000000000000000                __text_application_ram_offset__ = (. - __vma_ramfuncs_start__)

text_application_ram
                0x000000002000103c        0x0 load address 0x0000000000001824
                0x000000002000103c                . = ALIGN (0x4)
                0x000000002000103c                __text_application_ram_start__ = .
 *(text_application_ram)
                0x000000002000103c                . = ALIGN (0x4)
                0x000000002000103c                __text_application_ram_end__ = .
                0x000000002000103c                . = ALIGN (0x4)
                0x000000002000103c                __vma_ramfuncs_end__ = .
                0x0000000000001824                __lma_ramfuncs_end__ = ((__lma_ramfuncs_start__ + __text_application_ram_offset__) + SIZEOF (text_application_ram))
                0x000000002000103c                __ramfuncs_end__ = .

.heap           0x0000000020001040      0x800
                0x0000000020001040                __HeapBase = .
                0x0000000020001040                __end__ = .
                0x0000000020001040                end = __end__
                0x0000000020001040                _end = __end__
 *(.heap*)
 .heap          0x0000000020001040      0x800 ./gecko_sdk_4.4.0/platform/common/toolchain/src/sl_memory.o
                0x0000000020008000                __HeapLimit = (ORIGIN (RAM) + LENGTH (RAM))
                0x0000000000006fc0                __heap_size = (__HeapLimit - __HeapBase)
                0x0000000020008000                __ram_end__ = 0x20008000
                0x000000000007e000                __main_flash_end__ = 0x7e000

.internal_storage
 *(.internal_storage*)

.nvm
 *(.simee*)
                0x000000000007e000                linker_nvm_end = __main_flash_end__
                0x000000000007e000                linker_nvm_begin = (linker_nvm_end - SIZEOF (.nvm))
                0x0000000000000000                linker_nvm_size = SIZEOF (.nvm)
                0x000000000007e000                linker_storage_end = linker_nvm_begin
                0x000000000007e000                __nvm3Base = linker_nvm_begin
                0x000000000007e000                linker_storage_begin = (linker_storage_end - SIZEOF (.internal_storage))
                0x0000000000000000                linker_storage_size = SIZEOF (.internal_storage)
                0x0000000000000001                ASSERT ((linker_storage_begin >= (__etext + SIZEOF (.data))), FLASH memory overflowed !)
OUTPUT(lola.axf elf32-littlearm)
LOAD linker stubs

.ARM.attributes
                0x0000000000000000       0x36
 .ARM.attributes
                0x0000000000000000       0x26 /home/aatir/SimplicityStudio_v5/developer/toolchains/gnu_arm/12.2.rel1_2023.7/bin/../lib/gcc/arm-none-eabi/12.2.1/thumb/v8-m.main+fp/hard/crti.o
 .ARM.attributes
                0x0000000000000026       0x38 /home/aatir/SimplicityStudio_v5/developer/toolchains/gnu_arm/12.2.rel1_2023.7/bin/../lib/gcc/arm-none-eabi/12.2.1/thumb/v8-m.main+fp/hard/crtbegin.o
 .ARM.attributes
                0x000000000000005e       0x24 /home/aatir/SimplicityStudio_v5/developer/toolchains/gnu_arm/12.2.rel1_2023.7/bin/../lib/gcc/arm-none-eabi/12.2.1/../../../../arm-none-eabi/lib/thumb/v8-m.main+fp/hard/crt0.o
 .ARM.attributes
                0x0000000000000082       0x3a ./app.o
 .ARM.attributes
                0x00000000000000bc       0x3a ./main.o
 .ARM.attributes
                0x00000000000000f6       0x3a ./autogen/sl_board_default_init.o
 .ARM.attributes
                0x0000000000000130       0x3a ./autogen/sl_device_init_clocks.o
 .ARM.attributes
                0x000000000000016a       0x3a ./autogen/sl_event_handler.o
 .ARM.attributes
                0x00000000000001a4       0x3a ./gecko_sdk_4.4.0/hardware/board/src/sl_board_control_gpio.o
 .ARM.attributes
                0x00000000000001de       0x3a ./gecko_sdk_4.4.0/hardware/board/src/sl_board_init.o
 .ARM.attributes
                0x0000000000000218       0x3a ./gecko_sdk_4.4.0/platform/Device/SiliconLabs/BGM22/Source/startup_bgm22.o
 .ARM.attributes
                0x0000000000000252       0x3a ./gecko_sdk_4.4.0/platform/Device/SiliconLabs/BGM22/Source/system_bgm22.o
 .ARM.attributes
                0x000000000000028c       0x3a ./gecko_sdk_4.4.0/platform/common/src/sl_assert.o
 .ARM.attributes
                0x00000000000002c6       0x3a ./gecko_sdk_4.4.0/platform/common/src/sl_syscalls.o
 .ARM.attributes
                0x0000000000000300       0x3a ./gecko_sdk_4.4.0/platform/common/toolchain/src/sl_memory.o
 .ARM.attributes
                0x000000000000033a       0x3a ./gecko_sdk_4.4.0/platform/emlib/src/em_cmu.o
 .ARM.attributes
                0x0000000000000374       0x3a ./gecko_sdk_4.4.0/platform/emlib/src/em_core.o
 .ARM.attributes
                0x00000000000003ae       0x3a ./gecko_sdk_4.4.0/platform/emlib/src/em_emu.o
 .ARM.attributes
                0x00000000000003e8       0x3a ./gecko_sdk_4.4.0/platform/emlib/src/em_gpio.o
 .ARM.attributes
                0x0000000000000422       0x3a ./gecko_sdk_4.4.0/platform/emlib/src/em_system.o
 .ARM.attributes
                0x000000000000045c       0x3a ./gecko_sdk_4.4.0/platform/service/device_init/src/sl_device_init_dcdc_s2.o
 .ARM.attributes
                0x0000000000000496       0x3a ./gecko_sdk_4.4.0/platform/service/device_init/src/sl_device_init_emu_s2.o
 .ARM.attributes
                0x00000000000004d0       0x3a ./gecko_sdk_4.4.0/platform/service/device_init/src/sl_device_init_hfxo_s2.o
 .ARM.attributes
                0x000000000000050a       0x3a ./gecko_sdk_4.4.0/platform/service/device_init/src/sl_device_init_lfxo_s2.o
 .ARM.attributes
                0x0000000000000544       0x3a ./gecko_sdk_4.4.0/platform/service/device_init/src/sl_device_init_nvic.o
 .ARM.attributes
                0x000000000000057e       0x3a ./gecko_sdk_4.4.0/platform/service/system/src/sl_system_init.o
 .ARM.attributes
                0x00000000000005b8       0x3a ./gecko_sdk_4.4.0/platform/service/system/src/sl_system_process_action.o
 .ARM.attributes
                0x00000000000005f2       0x38 /home/aatir/SimplicityStudio_v5/developer/toolchains/gnu_arm/12.2.rel1_2023.7/bin/../lib/gcc/arm-none-eabi/12.2.1/../../../../arm-none-eabi/lib/thumb/v8-m.main+fp/hard/libc_nano.a(libc_a-exit.o)
 .ARM.attributes
                0x000000000000062a       0x38 /home/aatir/SimplicityStudio_v5/developer/toolchains/gnu_arm/12.2.rel1_2023.7/bin/../lib/gcc/arm-none-eabi/12.2.1/../../../../arm-none-eabi/lib/thumb/v8-m.main+fp/hard/libc_nano.a(libc_a-init.o)
 .ARM.attributes
                0x0000000000000662       0x38 /home/aatir/SimplicityStudio_v5/developer/toolchains/gnu_arm/12.2.rel1_2023.7/bin/../lib/gcc/arm-none-eabi/12.2.1/../../../../arm-none-eabi/lib/thumb/v8-m.main+fp/hard/libc_nano.a(libc_a-findfp.o)
 .ARM.attributes
                0x000000000000069a       0x38 /home/aatir/SimplicityStudio_v5/developer/toolchains/gnu_arm/12.2.rel1_2023.7/bin/../lib/gcc/arm-none-eabi/12.2.1/../../../../arm-none-eabi/lib/thumb/v8-m.main+fp/hard/libc_nano.a(libc_a-memset.o)
 .ARM.attributes
                0x00000000000006d2       0x38 /home/aatir/SimplicityStudio_v5/developer/toolchains/gnu_arm/12.2.rel1_2023.7/bin/../lib/gcc/arm-none-eabi/12.2.1/thumb/v8-m.main+fp/hard/crtend.o
 .ARM.attributes
                0x000000000000070a       0x26 /home/aatir/SimplicityStudio_v5/developer/toolchains/gnu_arm/12.2.rel1_2023.7/bin/../lib/gcc/arm-none-eabi/12.2.1/thumb/v8-m.main+fp/hard/crtn.o

.comment        0x0000000000000000       0x45
 .comment       0x0000000000000000       0x45 ./app.o
                                         0x46 (size before relaxing)
 .comment       0x0000000000000045       0x46 ./main.o
 .comment       0x0000000000000045       0x46 ./autogen/sl_board_default_init.o
 .comment       0x0000000000000045       0x46 ./autogen/sl_device_init_clocks.o
 .comment       0x0000000000000045       0x46 ./autogen/sl_event_handler.o
 .comment       0x0000000000000045       0x46 ./gecko_sdk_4.4.0/hardware/board/src/sl_board_control_gpio.o
 .comment       0x0000000000000045       0x46 ./gecko_sdk_4.4.0/hardware/board/src/sl_board_init.o
 .comment       0x0000000000000045       0x46 ./gecko_sdk_4.4.0/platform/Device/SiliconLabs/BGM22/Source/startup_bgm22.o
 .comment       0x0000000000000045       0x46 ./gecko_sdk_4.4.0/platform/Device/SiliconLabs/BGM22/Source/system_bgm22.o
 .comment       0x0000000000000045       0x46 ./gecko_sdk_4.4.0/platform/common/src/sl_assert.o
 .comment       0x0000000000000045       0x46 ./gecko_sdk_4.4.0/platform/common/src/sl_syscalls.o
 .comment       0x0000000000000045       0x46 ./gecko_sdk_4.4.0/platform/common/toolchain/src/sl_memory.o
 .comment       0x0000000000000045       0x46 ./gecko_sdk_4.4.0/platform/emlib/src/em_cmu.o
 .comment       0x0000000000000045       0x46 ./gecko_sdk_4.4.0/platform/emlib/src/em_core.o
 .comment       0x0000000000000045       0x46 ./gecko_sdk_4.4.0/platform/emlib/src/em_emu.o
 .comment       0x0000000000000045       0x46 ./gecko_sdk_4.4.0/platform/emlib/src/em_gpio.o
 .comment       0x0000000000000045       0x46 ./gecko_sdk_4.4.0/platform/emlib/src/em_system.o
 .comment       0x0000000000000045       0x46 ./gecko_sdk_4.4.0/platform/service/device_init/src/sl_device_init_dcdc_s2.o
 .comment       0x0000000000000045       0x46 ./gecko_sdk_4.4.0/platform/service/device_init/src/sl_device_init_emu_s2.o
 .comment       0x0000000000000045       0x46 ./gecko_sdk_4.4.0/platform/service/device_init/src/sl_device_init_hfxo_s2.o
 .comment       0x0000000000000045       0x46 ./gecko_sdk_4.4.0/platform/service/device_init/src/sl_device_init_lfxo_s2.o
 .comment       0x0000000000000045       0x46 ./gecko_sdk_4.4.0/platform/service/device_init/src/sl_device_init_nvic.o
 .comment       0x0000000000000045       0x46 ./gecko_sdk_4.4.0/platform/service/system/src/sl_system_init.o
 .comment       0x0000000000000045       0x46 ./gecko_sdk_4.4.0/platform/service/system/src/sl_system_process_action.o

.debug_line_str
                0x0000000000000000       0xe0
 .debug_line_str
                0x0000000000000000       0xe0 /home/aatir/SimplicityStudio_v5/developer/toolchains/gnu_arm/12.2.rel1_2023.7/bin/../lib/gcc/arm-none-eabi/12.2.1/../../../../arm-none-eabi/lib/thumb/v8-m.main+fp/hard/crt0.o

.debug_info     0x0000000000000000    0x19629
 .debug_info    0x0000000000000000     0x1f29 ./app.o
 .debug_info    0x0000000000001f29       0xa1 ./main.o
 .debug_info    0x0000000000001fca       0x86 ./autogen/sl_board_default_init.o
 .debug_info    0x0000000000002050     0x11e8 ./autogen/sl_device_init_clocks.o
 .debug_info    0x0000000000003238      0xea2 ./autogen/sl_event_handler.o
 .debug_info    0x00000000000040da      0x3c2 ./gecko_sdk_4.4.0/hardware/board/src/sl_board_control_gpio.o
 .debug_info    0x000000000000449c      0x2ae ./gecko_sdk_4.4.0/hardware/board/src/sl_board_init.o
 .debug_info    0x000000000000474a      0x3a9 ./gecko_sdk_4.4.0/platform/Device/SiliconLabs/BGM22/Source/startup_bgm22.o
 .debug_info    0x0000000000004af3     0x201d ./gecko_sdk_4.4.0/platform/Device/SiliconLabs/BGM22/Source/system_bgm22.o
 .debug_info    0x0000000000006b10       0x86 ./gecko_sdk_4.4.0/platform/common/src/sl_assert.o
 .debug_info    0x0000000000006b96      0x306 ./gecko_sdk_4.4.0/platform/common/src/sl_syscalls.o
 .debug_info    0x0000000000006e9c      0x205 ./gecko_sdk_4.4.0/platform/common/toolchain/src/sl_memory.o
 .debug_info    0x00000000000070a1     0x78d0 ./gecko_sdk_4.4.0/platform/emlib/src/em_cmu.o
 .debug_info    0x000000000000e971     0x13b2 ./gecko_sdk_4.4.0/platform/emlib/src/em_core.o
 .debug_info    0x000000000000fd23     0x3b0f ./gecko_sdk_4.4.0/platform/emlib/src/em_emu.o
 .debug_info    0x0000000000013832     0x21a2 ./gecko_sdk_4.4.0/platform/emlib/src/em_gpio.o
 .debug_info    0x00000000000159d4     0x1b6a ./gecko_sdk_4.4.0/platform/emlib/src/em_system.o
 .debug_info    0x000000000001753e      0x2c7 ./gecko_sdk_4.4.0/platform/service/device_init/src/sl_device_init_dcdc_s2.o
 .debug_info    0x0000000000017805      0x9b5 ./gecko_sdk_4.4.0/platform/service/device_init/src/sl_device_init_emu_s2.o
 .debug_info    0x00000000000181ba      0x898 ./gecko_sdk_4.4.0/platform/service/device_init/src/sl_device_init_hfxo_s2.o
 .debug_info    0x0000000000018a52      0x29e ./gecko_sdk_4.4.0/platform/service/device_init/src/sl_device_init_lfxo_s2.o
 .debug_info    0x0000000000018cf0      0x7ff ./gecko_sdk_4.4.0/platform/service/device_init/src/sl_device_init_nvic.o
 .debug_info    0x00000000000194ef       0xa7 ./gecko_sdk_4.4.0/platform/service/system/src/sl_system_init.o
 .debug_info    0x0000000000019596       0x93 ./gecko_sdk_4.4.0/platform/service/system/src/sl_system_process_action.o

.debug_abbrev   0x0000000000000000     0x2ab5
 .debug_abbrev  0x0000000000000000      0x1de ./app.o
 .debug_abbrev  0x00000000000001de       0x5d ./main.o
 .debug_abbrev  0x000000000000023b       0x46 ./autogen/sl_board_default_init.o
 .debug_abbrev  0x0000000000000281       0xde ./autogen/sl_device_init_clocks.o
 .debug_abbrev  0x000000000000035f      0x1a9 ./autogen/sl_event_handler.o
 .debug_abbrev  0x0000000000000508      0x185 ./gecko_sdk_4.4.0/hardware/board/src/sl_board_control_gpio.o
 .debug_abbrev  0x000000000000068d      0x10b ./gecko_sdk_4.4.0/hardware/board/src/sl_board_init.o
 .debug_abbrev  0x0000000000000798      0x22e ./gecko_sdk_4.4.0/platform/Device/SiliconLabs/BGM22/Source/startup_bgm22.o
 .debug_abbrev  0x00000000000009c6      0x34d ./gecko_sdk_4.4.0/platform/Device/SiliconLabs/BGM22/Source/system_bgm22.o
 .debug_abbrev  0x0000000000000d13       0x6c ./gecko_sdk_4.4.0/platform/common/src/sl_assert.o
 .debug_abbrev  0x0000000000000d7f      0x143 ./gecko_sdk_4.4.0/platform/common/src/sl_syscalls.o
 .debug_abbrev  0x0000000000000ec2      0x11e ./gecko_sdk_4.4.0/platform/common/toolchain/src/sl_memory.o
 .debug_abbrev  0x0000000000000fe0      0x5cf ./gecko_sdk_4.4.0/platform/emlib/src/em_cmu.o
 .debug_abbrev  0x00000000000015af      0x32f ./gecko_sdk_4.4.0/platform/emlib/src/em_core.o
 .debug_abbrev  0x00000000000018de      0x523 ./gecko_sdk_4.4.0/platform/emlib/src/em_emu.o
 .debug_abbrev  0x0000000000001e01      0x32f ./gecko_sdk_4.4.0/platform/emlib/src/em_gpio.o
 .debug_abbrev  0x0000000000002130      0x2a6 ./gecko_sdk_4.4.0/platform/emlib/src/em_system.o
 .debug_abbrev  0x00000000000023d6       0xf8 ./gecko_sdk_4.4.0/platform/service/device_init/src/sl_device_init_dcdc_s2.o
 .debug_abbrev  0x00000000000024ce      0x149 ./gecko_sdk_4.4.0/platform/service/device_init/src/sl_device_init_emu_s2.o
 .debug_abbrev  0x0000000000002617      0x196 ./gecko_sdk_4.4.0/platform/service/device_init/src/sl_device_init_hfxo_s2.o
 .debug_abbrev  0x00000000000027ad      0x105 ./gecko_sdk_4.4.0/platform/service/device_init/src/sl_device_init_lfxo_s2.o
 .debug_abbrev  0x00000000000028b2      0x14b ./gecko_sdk_4.4.0/platform/service/device_init/src/sl_device_init_nvic.o
 .debug_abbrev  0x00000000000029fd       0x5c ./gecko_sdk_4.4.0/platform/service/system/src/sl_system_init.o
 .debug_abbrev  0x0000000000002a59       0x5c ./gecko_sdk_4.4.0/platform/service/system/src/sl_system_process_action.o

.debug_loc      0x0000000000000000     0x5f5f
 .debug_loc     0x0000000000000000       0xbc ./app.o
 .debug_loc     0x00000000000000bc       0x20 ./main.o
 .debug_loc     0x00000000000000dc       0x20 ./autogen/sl_device_init_clocks.o
 .debug_loc     0x00000000000000fc       0x49 ./autogen/sl_event_handler.o
 .debug_loc     0x0000000000000145      0x20a ./gecko_sdk_4.4.0/hardware/board/src/sl_board_control_gpio.o
 .debug_loc     0x000000000000034f       0x2c ./gecko_sdk_4.4.0/hardware/board/src/sl_board_init.o
 .debug_loc     0x000000000000037b       0x8e ./gecko_sdk_4.4.0/platform/Device/SiliconLabs/BGM22/Source/startup_bgm22.o
 .debug_loc     0x0000000000000409      0x22a ./gecko_sdk_4.4.0/platform/Device/SiliconLabs/BGM22/Source/system_bgm22.o
 .debug_loc     0x0000000000000633       0x2a ./gecko_sdk_4.4.0/platform/common/src/sl_assert.o
 .debug_loc     0x000000000000065d      0x118 ./gecko_sdk_4.4.0/platform/common/src/sl_syscalls.o
 .debug_loc     0x0000000000000775       0xa9 ./gecko_sdk_4.4.0/platform/common/toolchain/src/sl_memory.o
 .debug_loc     0x000000000000081e     0x382a ./gecko_sdk_4.4.0/platform/emlib/src/em_cmu.o
 .debug_loc     0x0000000000004048      0x926 ./gecko_sdk_4.4.0/platform/emlib/src/em_core.o
 .debug_loc     0x000000000000496e      0x950 ./gecko_sdk_4.4.0/platform/emlib/src/em_emu.o
 .debug_loc     0x00000000000052be      0x93d ./gecko_sdk_4.4.0/platform/emlib/src/em_gpio.o
 .debug_loc     0x0000000000005bfb      0x146 ./gecko_sdk_4.4.0/platform/emlib/src/em_system.o
 .debug_loc     0x0000000000005d41       0x2c ./gecko_sdk_4.4.0/platform/service/device_init/src/sl_device_init_dcdc_s2.o
 .debug_loc     0x0000000000005d6d       0x2c ./gecko_sdk_4.4.0/platform/service/device_init/src/sl_device_init_emu_s2.o
 .debug_loc     0x0000000000005d99       0xbd ./gecko_sdk_4.4.0/platform/service/device_init/src/sl_device_init_hfxo_s2.o
 .debug_loc     0x0000000000005e56       0x38 ./gecko_sdk_4.4.0/platform/service/device_init/src/sl_device_init_lfxo_s2.o
 .debug_loc     0x0000000000005e8e       0x79 ./gecko_sdk_4.4.0/platform/service/device_init/src/sl_device_init_nvic.o
 .debug_loc     0x0000000000005f07       0x2c ./gecko_sdk_4.4.0/platform/service/system/src/sl_system_init.o
 .debug_loc     0x0000000000005f33       0x2c ./gecko_sdk_4.4.0/platform/service/system/src/sl_system_process_action.o

.debug_aranges  0x0000000000000000      0x8a0
 .debug_aranges
                0x0000000000000000       0x40 ./app.o
 .debug_aranges
                0x0000000000000040       0x20 ./main.o
 .debug_aranges
                0x0000000000000060       0x20 ./autogen/sl_board_default_init.o
 .debug_aranges
                0x0000000000000080       0x20 ./autogen/sl_device_init_clocks.o
 .debug_aranges
                0x00000000000000a0       0x60 ./autogen/sl_event_handler.o
 .debug_aranges
                0x0000000000000100       0x70 ./gecko_sdk_4.4.0/hardware/board/src/sl_board_control_gpio.o
 .debug_aranges
                0x0000000000000170       0x28 ./gecko_sdk_4.4.0/hardware/board/src/sl_board_init.o
 .debug_aranges
                0x0000000000000198       0x30 ./gecko_sdk_4.4.0/platform/Device/SiliconLabs/BGM22/Source/startup_bgm22.o
 .debug_aranges
                0x00000000000001c8       0x90 ./gecko_sdk_4.4.0/platform/Device/SiliconLabs/BGM22/Source/system_bgm22.o
 .debug_aranges
                0x0000000000000258       0x20 ./gecko_sdk_4.4.0/platform/common/src/sl_assert.o
 .debug_aranges
                0x0000000000000278       0x68 ./gecko_sdk_4.4.0/platform/common/src/sl_syscalls.o
 .debug_aranges
                0x00000000000002e0       0x30 ./gecko_sdk_4.4.0/platform/common/toolchain/src/sl_memory.o
 .debug_aranges
                0x0000000000000310      0x1b8 ./gecko_sdk_4.4.0/platform/emlib/src/em_cmu.o
 .debug_aranges
                0x00000000000004c8       0xe8 ./gecko_sdk_4.4.0/platform/emlib/src/em_core.o
 .debug_aranges
                0x00000000000005b0      0x130 ./gecko_sdk_4.4.0/platform/emlib/src/em_emu.o
 .debug_aranges
                0x00000000000006e0       0x68 ./gecko_sdk_4.4.0/platform/emlib/src/em_gpio.o
 .debug_aranges
                0x0000000000000748       0x78 ./gecko_sdk_4.4.0/platform/emlib/src/em_system.o
 .debug_aranges
                0x00000000000007c0       0x20 ./gecko_sdk_4.4.0/platform/service/device_init/src/sl_device_init_dcdc_s2.o
 .debug_aranges
                0x00000000000007e0       0x20 ./gecko_sdk_4.4.0/platform/service/device_init/src/sl_device_init_emu_s2.o
 .debug_aranges
                0x0000000000000800       0x20 ./gecko_sdk_4.4.0/platform/service/device_init/src/sl_device_init_hfxo_s2.o
 .debug_aranges
                0x0000000000000820       0x20 ./gecko_sdk_4.4.0/platform/service/device_init/src/sl_device_init_lfxo_s2.o
 .debug_aranges
                0x0000000000000840       0x20 ./gecko_sdk_4.4.0/platform/service/device_init/src/sl_device_init_nvic.o
 .debug_aranges
                0x0000000000000860       0x20 ./gecko_sdk_4.4.0/platform/service/system/src/sl_system_init.o
 .debug_aranges
                0x0000000000000880       0x20 ./gecko_sdk_4.4.0/platform/service/system/src/sl_system_process_action.o

.debug_ranges   0x0000000000000000      0xc08
 .debug_ranges  0x0000000000000000       0x30 ./app.o
 .debug_ranges  0x0000000000000030       0x10 ./main.o
 .debug_ranges  0x0000000000000040       0x10 ./autogen/sl_board_default_init.o
 .debug_ranges  0x0000000000000050       0x10 ./autogen/sl_device_init_clocks.o
 .debug_ranges  0x0000000000000060       0x50 ./autogen/sl_event_handler.o
 .debug_ranges  0x00000000000000b0       0x60 ./gecko_sdk_4.4.0/hardware/board/src/sl_board_control_gpio.o
 .debug_ranges  0x0000000000000110       0x18 ./gecko_sdk_4.4.0/hardware/board/src/sl_board_init.o
 .debug_ranges  0x0000000000000128       0x88 ./gecko_sdk_4.4.0/platform/Device/SiliconLabs/BGM22/Source/startup_bgm22.o
 .debug_ranges  0x00000000000001b0       0x98 ./gecko_sdk_4.4.0/platform/Device/SiliconLabs/BGM22/Source/system_bgm22.o
 .debug_ranges  0x0000000000000248       0x10 ./gecko_sdk_4.4.0/platform/common/src/sl_assert.o
 .debug_ranges  0x0000000000000258       0x58 ./gecko_sdk_4.4.0/platform/common/src/sl_syscalls.o
 .debug_ranges  0x00000000000002b0       0x20 ./gecko_sdk_4.4.0/platform/common/toolchain/src/sl_memory.o
 .debug_ranges  0x00000000000002d0      0x338 ./gecko_sdk_4.4.0/platform/emlib/src/em_cmu.o
 .debug_ranges  0x0000000000000608      0x1a0 ./gecko_sdk_4.4.0/platform/emlib/src/em_core.o
 .debug_ranges  0x00000000000007a8      0x2b8 ./gecko_sdk_4.4.0/platform/emlib/src/em_emu.o
 .debug_ranges  0x0000000000000a60       0x70 ./gecko_sdk_4.4.0/platform/emlib/src/em_gpio.o
 .debug_ranges  0x0000000000000ad0       0x80 ./gecko_sdk_4.4.0/platform/emlib/src/em_system.o
 .debug_ranges  0x0000000000000b50       0x10 ./gecko_sdk_4.4.0/platform/service/device_init/src/sl_device_init_dcdc_s2.o
 .debug_ranges  0x0000000000000b60       0x10 ./gecko_sdk_4.4.0/platform/service/device_init/src/sl_device_init_emu_s2.o
 .debug_ranges  0x0000000000000b70       0x10 ./gecko_sdk_4.4.0/platform/service/device_init/src/sl_device_init_hfxo_s2.o
 .debug_ranges  0x0000000000000b80       0x10 ./gecko_sdk_4.4.0/platform/service/device_init/src/sl_device_init_lfxo_s2.o
 .debug_ranges  0x0000000000000b90       0x58 ./gecko_sdk_4.4.0/platform/service/device_init/src/sl_device_init_nvic.o
 .debug_ranges  0x0000000000000be8       0x10 ./gecko_sdk_4.4.0/platform/service/system/src/sl_system_init.o
 .debug_ranges  0x0000000000000bf8       0x10 ./gecko_sdk_4.4.0/platform/service/system/src/sl_system_process_action.o

.debug_line     0x0000000000000000     0x7498
 .debug_line    0x0000000000000000      0x29b ./app.o
 .debug_line    0x000000000000029b       0xc7 ./main.o
 .debug_line    0x0000000000000362       0x55 ./autogen/sl_board_default_init.o
 .debug_line    0x00000000000003b7      0x24a ./autogen/sl_device_init_clocks.o
 .debug_line    0x0000000000000601      0x42b ./autogen/sl_event_handler.o
 .debug_line    0x0000000000000a2c      0x39a ./gecko_sdk_4.4.0/hardware/board/src/sl_board_control_gpio.o
 .debug_line    0x0000000000000dc6      0x1b9 ./gecko_sdk_4.4.0/hardware/board/src/sl_board_init.o
 .debug_line    0x0000000000000f7f      0x2bd ./gecko_sdk_4.4.0/platform/Device/SiliconLabs/BGM22/Source/startup_bgm22.o
 .debug_line    0x000000000000123c      0x51b ./gecko_sdk_4.4.0/platform/Device/SiliconLabs/BGM22/Source/system_bgm22.o
 .debug_line    0x0000000000001757       0x88 ./gecko_sdk_4.4.0/platform/common/src/sl_assert.o
 .debug_line    0x00000000000017df      0x188 ./gecko_sdk_4.4.0/platform/common/src/sl_syscalls.o
 .debug_line    0x0000000000001967      0x2b0 ./gecko_sdk_4.4.0/platform/common/toolchain/src/sl_memory.o
 .debug_line    0x0000000000001c17     0x28c4 ./gecko_sdk_4.4.0/platform/emlib/src/em_cmu.o
 .debug_line    0x00000000000044db      0x9d7 ./gecko_sdk_4.4.0/platform/emlib/src/em_core.o
 .debug_line    0x0000000000004eb2      0xded ./gecko_sdk_4.4.0/platform/emlib/src/em_emu.o
 .debug_line    0x0000000000005c9f      0x63e ./gecko_sdk_4.4.0/platform/emlib/src/em_gpio.o
 .debug_line    0x00000000000062dd      0x446 ./gecko_sdk_4.4.0/platform/emlib/src/em_system.o
 .debug_line    0x0000000000006723      0x1f8 ./gecko_sdk_4.4.0/platform/service/device_init/src/sl_device_init_dcdc_s2.o
 .debug_line    0x000000000000691b      0x25f ./gecko_sdk_4.4.0/platform/service/device_init/src/sl_device_init_emu_s2.o
 .debug_line    0x0000000000006b7a      0x2ab ./gecko_sdk_4.4.0/platform/service/device_init/src/sl_device_init_hfxo_s2.o
 .debug_line    0x0000000000006e25      0x209 ./gecko_sdk_4.4.0/platform/service/device_init/src/sl_device_init_lfxo_s2.o
 .debug_line    0x000000000000702e      0x2c3 ./gecko_sdk_4.4.0/platform/service/device_init/src/sl_device_init_nvic.o
 .debug_line    0x00000000000072f1       0xcf ./gecko_sdk_4.4.0/platform/service/system/src/sl_system_init.o
 .debug_line    0x00000000000073c0       0xd8 ./gecko_sdk_4.4.0/platform/service/system/src/sl_system_process_action.o

.debug_str      0x0000000000000000     0x6640
 .debug_str     0x0000000000000000     0x1897 ./app.o
                                       0x1a56 (size before relaxing)
 .debug_str     0x0000000000001897       0x37 ./main.o
                                        0x180 (size before relaxing)
 .debug_str     0x00000000000018ce       0x39 ./autogen/sl_board_default_init.o
                                        0x1ea (size before relaxing)
 .debug_str     0x0000000000001907      0x801 ./autogen/sl_device_init_clocks.o
                                        0xc3c (size before relaxing)
 .debug_str     0x0000000000002108      0x1a1 ./autogen/sl_event_handler.o
                                        0xcac (size before relaxing)
 .debug_str     0x00000000000022a9      0x29f ./gecko_sdk_4.4.0/hardware/board/src/sl_board_control_gpio.o
                                        0x4ad (size before relaxing)
 .debug_str     0x0000000000002548       0x39 ./gecko_sdk_4.4.0/hardware/board/src/sl_board_init.o
                                        0x61c (size before relaxing)
 .debug_str     0x0000000000002581      0x1a4 ./gecko_sdk_4.4.0/platform/Device/SiliconLabs/BGM22/Source/startup_bgm22.o
                                        0x370 (size before relaxing)
 .debug_str     0x0000000000002725      0x9d2 ./gecko_sdk_4.4.0/platform/Device/SiliconLabs/BGM22/Source/system_bgm22.o
                                       0x1531 (size before relaxing)
 .debug_str     0x00000000000030f7       0x40 ./gecko_sdk_4.4.0/platform/common/src/sl_assert.o
                                        0x17c (size before relaxing)
 .debug_str     0x0000000000003137       0x95 ./gecko_sdk_4.4.0/platform/common/src/sl_syscalls.o
                                        0x25c (size before relaxing)
 .debug_str     0x00000000000031cc       0xe1 ./gecko_sdk_4.4.0/platform/common/toolchain/src/sl_memory.o
                                        0x2b6 (size before relaxing)
 .debug_str     0x00000000000032ad     0x196a ./gecko_sdk_4.4.0/platform/emlib/src/em_cmu.o
                                       0x3599 (size before relaxing)
 .debug_str     0x0000000000004c17      0x328 ./gecko_sdk_4.4.0/platform/emlib/src/em_core.o
                                        0xa7a (size before relaxing)
 .debug_str     0x0000000000004f3f      0xa14 ./gecko_sdk_4.4.0/platform/emlib/src/em_emu.o
                                       0x23d3 (size before relaxing)
 .debug_str     0x0000000000005953      0x135 ./gecko_sdk_4.4.0/platform/emlib/src/em_gpio.o
                                       0x134f (size before relaxing)
 .debug_str     0x0000000000005a88      0x32b ./gecko_sdk_4.4.0/platform/emlib/src/em_system.o
                                       0x138e (size before relaxing)
 .debug_str     0x0000000000005db3       0x50 ./gecko_sdk_4.4.0/platform/service/device_init/src/sl_device_init_dcdc_s2.o
                                        0x62e (size before relaxing)
 .debug_str     0x0000000000005e03       0x58 ./gecko_sdk_4.4.0/platform/service/device_init/src/sl_device_init_emu_s2.o
                                        0x80e (size before relaxing)
 .debug_str     0x0000000000005e5b      0x527 ./gecko_sdk_4.4.0/platform/service/device_init/src/sl_device_init_hfxo_s2.o
                                        0xbd2 (size before relaxing)
 .debug_str     0x0000000000006382      0x1c5 ./gecko_sdk_4.4.0/platform/service/device_init/src/sl_device_init_lfxo_s2.o
                                        0x4b0 (size before relaxing)
 .debug_str     0x0000000000006547       0x69 ./gecko_sdk_4.4.0/platform/service/device_init/src/sl_device_init_nvic.o
                                        0x770 (size before relaxing)
 .debug_str     0x00000000000065b0       0x43 ./gecko_sdk_4.4.0/platform/service/system/src/sl_system_init.o
                                        0x1d2 (size before relaxing)
 .debug_str     0x00000000000065f3       0x4d ./gecko_sdk_4.4.0/platform/service/system/src/sl_system_process_action.o
                                        0x1ff (size before relaxing)

.debug_frame    0x0000000000000000     0x151c
 .debug_frame   0x0000000000000000       0x94 ./app.o
 .debug_frame   0x0000000000000094       0x28 ./main.o
 .debug_frame   0x00000000000000bc       0x20 ./autogen/sl_board_default_init.o
 .debug_frame   0x00000000000000dc       0x28 ./autogen/sl_device_init_clocks.o
 .debug_frame   0x0000000000000104       0xac ./autogen/sl_event_handler.o
 .debug_frame   0x00000000000001b0       0xf0 ./gecko_sdk_4.4.0/hardware/board/src/sl_board_control_gpio.o
 .debug_frame   0x00000000000002a0       0x3c ./gecko_sdk_4.4.0/hardware/board/src/sl_board_init.o
 .debug_frame   0x00000000000002dc       0x48 ./gecko_sdk_4.4.0/platform/Device/SiliconLabs/BGM22/Source/startup_bgm22.o
 .debug_frame   0x0000000000000324      0x118 ./gecko_sdk_4.4.0/platform/Device/SiliconLabs/BGM22/Source/system_bgm22.o
 .debug_frame   0x000000000000043c       0x20 ./gecko_sdk_4.4.0/platform/common/src/sl_assert.o
 .debug_frame   0x000000000000045c       0xb0 ./gecko_sdk_4.4.0/platform/common/src/sl_syscalls.o
 .debug_frame   0x000000000000050c       0x40 ./gecko_sdk_4.4.0/platform/common/toolchain/src/sl_memory.o
 .debug_frame   0x000000000000054c      0x55c ./gecko_sdk_4.4.0/platform/emlib/src/em_cmu.o
 .debug_frame   0x0000000000000aa8      0x240 ./gecko_sdk_4.4.0/platform/emlib/src/em_core.o
 .debug_frame   0x0000000000000ce8      0x304 ./gecko_sdk_4.4.0/platform/emlib/src/em_emu.o
 .debug_frame   0x0000000000000fec      0x168 ./gecko_sdk_4.4.0/platform/emlib/src/em_gpio.o
 .debug_frame   0x0000000000001154       0xd8 ./gecko_sdk_4.4.0/platform/emlib/src/em_system.o
 .debug_frame   0x000000000000122c       0x28 ./gecko_sdk_4.4.0/platform/service/device_init/src/sl_device_init_dcdc_s2.o
 .debug_frame   0x0000000000001254       0x2c ./gecko_sdk_4.4.0/platform/service/device_init/src/sl_device_init_emu_s2.o
 .debug_frame   0x0000000000001280       0x34 ./gecko_sdk_4.4.0/platform/service/device_init/src/sl_device_init_hfxo_s2.o
 .debug_frame   0x00000000000012b4       0x30 ./gecko_sdk_4.4.0/platform/service/device_init/src/sl_device_init_lfxo_s2.o
 .debug_frame   0x00000000000012e4       0x28 ./gecko_sdk_4.4.0/platform/service/device_init/src/sl_device_init_nvic.o
 .debug_frame   0x000000000000130c       0x2c ./gecko_sdk_4.4.0/platform/service/system/src/sl_system_init.o
 .debug_frame   0x0000000000001338       0x2c ./gecko_sdk_4.4.0/platform/service/system/src/sl_system_process_action.o
 .debug_frame   0x0000000000001364       0x28 /home/aatir/SimplicityStudio_v5/developer/toolchains/gnu_arm/12.2.rel1_2023.7/bin/../lib/gcc/arm-none-eabi/12.2.1/../../../../arm-none-eabi/lib/thumb/v8-m.main+fp/hard/libc_nano.a(libc_a-exit.o)
 .debug_frame   0x000000000000138c       0x2c /home/aatir/SimplicityStudio_v5/developer/toolchains/gnu_arm/12.2.rel1_2023.7/bin/../lib/gcc/arm-none-eabi/12.2.1/../../../../arm-none-eabi/lib/thumb/v8-m.main+fp/hard/libc_nano.a(libc_a-init.o)
 .debug_frame   0x00000000000013b8      0x144 /home/aatir/SimplicityStudio_v5/developer/toolchains/gnu_arm/12.2.rel1_2023.7/bin/../lib/gcc/arm-none-eabi/12.2.1/../../../../arm-none-eabi/lib/thumb/v8-m.main+fp/hard/libc_nano.a(libc_a-findfp.o)
 .debug_frame   0x00000000000014fc       0x20 /home/aatir/SimplicityStudio_v5/developer/toolchains/gnu_arm/12.2.rel1_2023.7/bin/../lib/gcc/arm-none-eabi/12.2.1/../../../../arm-none-eabi/lib/thumb/v8-m.main+fp/hard/libc_nano.a(libc_a-memset.o)
