Archive member included to satisfy reference by file (symbol)

/home/aatir/SimplicityStudio_v5/developer/toolchains/gnu_arm/12.2.rel1_2023.7/bin/../lib/gcc/arm-none-eabi/12.2.1/thumb/v8-m.main+fp/hard/libgcc.a(_arm_addsubdf3.o)
                              ./misc.o (__aeabi_f2d)
/home/aatir/SimplicityStudio_v5/developer/toolchains/gnu_arm/12.2.rel1_2023.7/bin/../lib/gcc/arm-none-eabi/12.2.1/thumb/v8-m.main+fp/hard/libgcc.a(_arm_cmpdf2.o)
                              ./thor.o (__aeabi_dcmpge)
/home/aatir/SimplicityStudio_v5/developer/toolchains/gnu_arm/12.2.rel1_2023.7/bin/../lib/gcc/arm-none-eabi/12.2.1/thumb/v8-m.main+fp/hard/libgcc.a(_arm_truncdfsf2.o)
                              ./thor.o (__aeabi_d2f)
/home/aatir/SimplicityStudio_v5/developer/toolchains/gnu_arm/12.2.rel1_2023.7/bin/../lib/gcc/arm-none-eabi/12.2.1/thumb/v8-m.main+fp/hard/libgcc.a(_aeabi_ldivmod.o)
                              ./gecko_sdk_4.4.0/platform/emlib/src/em_usart.o (__aeabi_ldivmod)
/home/aatir/SimplicityStudio_v5/developer/toolchains/gnu_arm/12.2.rel1_2023.7/bin/../lib/gcc/arm-none-eabi/12.2.1/thumb/v8-m.main+fp/hard/libgcc.a(_aeabi_uldivmod.o)
                              ./gecko_sdk_4.4.0/platform/emlib/src/em_usart.o (__aeabi_uldivmod)
/home/aatir/SimplicityStudio_v5/developer/toolchains/gnu_arm/12.2.rel1_2023.7/bin/../lib/gcc/arm-none-eabi/12.2.1/thumb/v8-m.main+fp/hard/libgcc.a(_udivmoddi4.o)
                              /home/aatir/SimplicityStudio_v5/developer/toolchains/gnu_arm/12.2.rel1_2023.7/bin/../lib/gcc/arm-none-eabi/12.2.1/thumb/v8-m.main+fp/hard/libgcc.a(_aeabi_ldivmod.o) (__udivmoddi4)
/home/aatir/SimplicityStudio_v5/developer/toolchains/gnu_arm/12.2.rel1_2023.7/bin/../lib/gcc/arm-none-eabi/12.2.1/thumb/v8-m.main+fp/hard/libgcc.a(_dvmd_tls.o)
                              /home/aatir/SimplicityStudio_v5/developer/toolchains/gnu_arm/12.2.rel1_2023.7/bin/../lib/gcc/arm-none-eabi/12.2.1/thumb/v8-m.main+fp/hard/libgcc.a(_aeabi_ldivmod.o) (__aeabi_ldiv0)
/home/aatir/SimplicityStudio_v5/developer/toolchains/gnu_arm/12.2.rel1_2023.7/bin/../lib/gcc/arm-none-eabi/12.2.1/../../../../arm-none-eabi/lib/thumb/v8-m.main+fp/hard/libc_nano.a(libc_a-exit.o)
                              /home/aatir/SimplicityStudio_v5/developer/toolchains/gnu_arm/12.2.rel1_2023.7/bin/../lib/gcc/arm-none-eabi/12.2.1/../../../../arm-none-eabi/lib/thumb/v8-m.main+fp/hard/crt0.o (exit)
/home/aatir/SimplicityStudio_v5/developer/toolchains/gnu_arm/12.2.rel1_2023.7/bin/../lib/gcc/arm-none-eabi/12.2.1/../../../../arm-none-eabi/lib/thumb/v8-m.main+fp/hard/libc_nano.a(libc_a-init.o)
                              /home/aatir/SimplicityStudio_v5/developer/toolchains/gnu_arm/12.2.rel1_2023.7/bin/../lib/gcc/arm-none-eabi/12.2.1/../../../../arm-none-eabi/lib/thumb/v8-m.main+fp/hard/crt0.o (__libc_init_array)
/home/aatir/SimplicityStudio_v5/developer/toolchains/gnu_arm/12.2.rel1_2023.7/bin/../lib/gcc/arm-none-eabi/12.2.1/../../../../arm-none-eabi/lib/thumb/v8-m.main+fp/hard/libc_nano.a(libc_a-printf.o)
                              ./app.o (printf)
/home/aatir/SimplicityStudio_v5/developer/toolchains/gnu_arm/12.2.rel1_2023.7/bin/../lib/gcc/arm-none-eabi/12.2.1/../../../../arm-none-eabi/lib/thumb/v8-m.main+fp/hard/libc_nano.a(libc_a-nano-vfprintf.o)
                              /home/aatir/SimplicityStudio_v5/developer/toolchains/gnu_arm/12.2.rel1_2023.7/bin/../lib/gcc/arm-none-eabi/12.2.1/../../../../arm-none-eabi/lib/thumb/v8-m.main+fp/hard/libc_nano.a(libc_a-printf.o) (_vfprintf_r)
/home/aatir/SimplicityStudio_v5/developer/toolchains/gnu_arm/12.2.rel1_2023.7/bin/../lib/gcc/arm-none-eabi/12.2.1/../../../../arm-none-eabi/lib/thumb/v8-m.main+fp/hard/libc_nano.a(libc_a-wbuf.o)
                              /home/aatir/SimplicityStudio_v5/developer/toolchains/gnu_arm/12.2.rel1_2023.7/bin/../lib/gcc/arm-none-eabi/12.2.1/../../../../arm-none-eabi/lib/thumb/v8-m.main+fp/hard/libc_nano.a(libc_a-nano-vfprintf.o) (__swbuf_r)
/home/aatir/SimplicityStudio_v5/developer/toolchains/gnu_arm/12.2.rel1_2023.7/bin/../lib/gcc/arm-none-eabi/12.2.1/../../../../arm-none-eabi/lib/thumb/v8-m.main+fp/hard/libc_nano.a(libc_a-wsetup.o)
                              /home/aatir/SimplicityStudio_v5/developer/toolchains/gnu_arm/12.2.rel1_2023.7/bin/../lib/gcc/arm-none-eabi/12.2.1/../../../../arm-none-eabi/lib/thumb/v8-m.main+fp/hard/libc_nano.a(libc_a-nano-vfprintf.o) (__swsetup_r)
/home/aatir/SimplicityStudio_v5/developer/toolchains/gnu_arm/12.2.rel1_2023.7/bin/../lib/gcc/arm-none-eabi/12.2.1/../../../../arm-none-eabi/lib/thumb/v8-m.main+fp/hard/libc_nano.a(libc_a-nano-vfprintf_i.o)
                              /home/aatir/SimplicityStudio_v5/developer/toolchains/gnu_arm/12.2.rel1_2023.7/bin/../lib/gcc/arm-none-eabi/12.2.1/../../../../arm-none-eabi/lib/thumb/v8-m.main+fp/hard/libc_nano.a(libc_a-nano-vfprintf.o) (_printf_i)
[...]
Memory Configuration

Name             Origin             Length             Attributes
FLASH            0x0000000000000000 0x000000000007e000 xr
RAM              0x0000000020000000 0x0000000000008000 xrw
*default*        0x0000000000000000 0xffffffffffffffff

Linker script and memory map

LOAD /home/aatir/SimplicityStudio_v5/developer/toolchains/gnu_arm/12.2.rel1_2023.7/bin/../lib/gcc/arm-none-eabi/12.2.1/thumb/v8-m.main+fp/hard/crti.o
LOAD /home/aatir/SimplicityStudio_v5/developer/toolchains/gnu_arm/12.2.rel1_2023.7/bin/../lib/gcc/arm-none-eabi/12.2.1/thumb/v8-m.main+fp/hard/crtbegin.o
LOAD /home/aatir/SimplicityStudio_v5/developer/toolchains/gnu_arm/12.2.rel1_2023.7/bin/../lib/gcc/arm-none-eabi/12.2.1/../../../../arm-none-eabi/lib/thumb/v8-m.main+fp/hard/crt0.o
START GROUP
LOAD ./app.o
LOAD ./main.o
LOAD ./misc.o
LOAD ./thor.o
LOAD ./autogen/sl_board_default_init.o
LOAD ./autogen/sl_device_init_clocks.o
LOAD ./autogen/sl_event_handler.o
LOAD ./gecko_sdk_4.4.0/hardware/board/src/sl_board_control_gpio.o
LOAD ./gecko_sdk_4.4.0/hardware/board/src/sl_board_init.o
LOAD ./gecko_sdk_4.4.0/platform/Device/SiliconLabs/BGM22/Source/startup_bgm22.o
LOAD ./gecko_sdk_4.4.0/platform/Device/SiliconLabs/BGM22/Source/system_bgm22.o
LOAD ./gecko_sdk_4.4.0/platform/common/src/sl_assert.o
LOAD ./gecko_sdk_4.4.0/platform/common/src/sl_syscalls.o
LOAD ./gecko_sdk_4.4.0/platform/common/toolchain/src/sl_memory.o
LOAD ./gecko_sdk_4.4.0/platform/emlib/src/em_cmu.o
LOAD ./gecko_sdk_4.4.0/platform/emlib/src/em_core.o
LOAD ./gecko_sdk_4.4.0/platform/emlib/src/em_emu.o
LOAD ./gecko_sdk_4.4.0/platform/emlib/src/em_gpio.o
LOAD ./gecko_sdk_4.4.0/platform/emlib/src/em_msc.o
LOAD ./gecko_sdk_4.4.0/platform/emlib/src/em_system.o
LOAD ./gecko_sdk_4.4.0/platform/emlib/src/em_usart.o
LOAD ./gecko_sdk_4.4.0/platform/service/device_init/src/sl_device_init_dcdc_s2.o
LOAD ./gecko_sdk_4.4.0/platform/service/device_init/src/sl_device_init_emu_s2.o
LOAD ./gecko_sdk_4.4.0/platform/service/device_init/src/sl_device_init_hfxo_s2.o
LOAD ./gecko_sdk_4.4.0/platform/service/device_init/src/sl_device_init_lfxo_s2.o
LOAD ./gecko_sdk_4.4.0/platform/service/device_init/src/sl_device_init_nvic.o
LOAD ./gecko_sdk_4.4.0/platform/service/system/src/sl_system_init.o
LOAD ./gecko_sdk_4.4.0/platform/service/system/src/sl_system_process_action.o
LOAD /home/aatir/SimplicityStudio_v5/developer/toolchains/gnu_arm/12.2.rel1_2023.7/bin/../lib/gcc/arm-none-eabi/12.2.1/thumb/v8-m.main+fp/hard/libgcc.a
LOAD /home/aatir/SimplicityStudio_v5/developer/toolchains/gnu_arm/12.2.rel1_2023.7/bin/../lib/gcc/arm-none-eabi/12.2.1/../../../../arm-none-eabi/lib/thumb/v8-m.main+fp/hard/libc_nano.a
LOAD /home/aatir/SimplicityStudio_v5/developer/toolchains/gnu_arm/12.2.rel1_2023.7/bin/../lib/gcc/arm-none-eabi/12.2.1/../../../../arm-none-eabi/lib/thumb/v8-m.main+fp/hard/libm.a
LOAD /home/aatir/SimplicityStudio_v5/developer/toolchains/gnu_arm/12.2.rel1_2023.7/bin/../lib/gcc/arm-none-eabi/12.2.1/../../../../arm-none-eabi/lib/thumb/v8-m.main+fp/hard/libnosys.a
END GROUP
START GROUP
LOAD /home/aatir/SimplicityStudio_v5/developer/toolchains/gnu_arm/12.2.rel1_2023.7/bin/../lib/gcc/arm-none-eabi/12.2.1/thumb/v8-m.main+fp/hard/libgcc.a
LOAD /home/aatir/SimplicityStudio_v5/developer/toolchains/gnu_arm/12.2.rel1_2023.7/bin/../lib/gcc/arm-none-eabi/12.2.1/../../../../arm-none-eabi/lib/thumb/v8-m.main+fp/hard/libc_nano.a
LOAD /home/aatir/SimplicityStudio_v5/developer/toolchains/gnu_arm/12.2.rel1_2023.7/bin/../lib/gcc/arm-none-eabi/12.2.1/../../../../arm-none-eabi/lib/thumb/v8-m.main+fp/hard/libnosys.a
END GROUP
START GROUP
LOAD /home/aatir/SimplicityStudio_v5/developer/toolchains/gnu_arm/12.2.rel1_2023.7/bin/../lib/gcc/arm-none-eabi/12.2.1/thumb/v8-m.main+fp/hard/libgcc.a
LOAD /home/aatir/SimplicityStudio_v5/developer/toolchains/gnu_arm/12.2.rel1_2023.7/bin/../lib/gcc/arm-none-eabi/12.2.1/../../../../arm-none-eabi/lib/thumb/v8-m.main+fp/hard/libg_nano.a
LOAD /home/aatir/SimplicityStudio_v5/developer/toolchains/gnu_arm/12.2.rel1_2023.7/bin/../lib/gcc/arm-none-eabi/12.2.1/../../../../arm-none-eabi/lib/thumb/v8-m.main+fp/hard/libc_nano.a
END GROUP
START GROUP
LOAD /home/aatir/SimplicityStudio_v5/developer/toolchains/gnu_arm/12.2.rel1_2023.7/bin/../lib/gcc/arm-none-eabi/12.2.1/thumb/v8-m.main+fp/hard/libgcc.a
LOAD /home/aatir/SimplicityStudio_v5/developer/toolchains/gnu_arm/12.2.rel1_2023.7/bin/../lib/gcc/arm-none-eabi/12.2.1/../../../../arm-none-eabi/lib/thumb/v8-m.main+fp/hard/libc_nano.a
END GROUP
LOAD /home/aatir/SimplicityStudio_v5/developer/toolchains/gnu_arm/12.2.rel1_2023.7/bin/../lib/gcc/arm-none-eabi/12.2.1/thumb/v8-m.main+fp/hard/crtend.o
LOAD /home/aatir/SimplicityStudio_v5/developer/toolchains/gnu_arm/12.2.rel1_2023.7/bin/../lib/gcc/arm-none-eabi/12.2.1/thumb/v8-m.main+fp/hard/crtn.o

.text           0x0000000000000000     0x1aa8
                0x0000000000000000                linker_vectors_begin = .
 *(.vectors)
 .vectors       0x0000000000000000      0x140 ./gecko_sdk_4.4.0/platform/Device/SiliconLabs/BGM22/Source/startup_bgm22.o
                0x0000000000000000                __Vectors
                0x0000000000000140                linker_vectors_end = .
                0x0000000000000140                __Vectors_End = .
                0x0000000000000140                __Vectors_Size = (__Vectors_End - __Vectors)
                0x0000000000000140                linker_code_begin = .
 *(SORT_BY_ALIGNMENT(.text*))
 .text.deregister_tm_clones
                0x0000000000000140       0x1c /home/aatir/SimplicityStudio_v5/developer/toolchains/gnu_arm/12.2.rel1_2023.7/bin/../lib/gcc/arm-none-eabi/12.2.1/thumb/v8-m.main+fp/hard/crtbegin.o
 .text.register_tm_clones
                0x000000000000015c       0x28 /home/aatir/SimplicityStudio_v5/developer/toolchains/gnu_arm/12.2.rel1_2023.7/bin/../lib/gcc/arm-none-eabi/12.2.1/thumb/v8-m.main+fp/hard/crtbegin.o
 .text.__do_global_dtors_aux
                0x0000000000000184       0x28 /home/aatir/SimplicityStudio_v5/developer/toolchains/gnu_arm/12.2.rel1_2023.7/bin/../lib/gcc/arm-none-eabi/12.2.1/thumb/v8-m.main+fp/hard/crtbegin.o
 .text.frame_dummy
                0x00000000000001ac       0x24 /home/aatir/SimplicityStudio_v5/developer/toolchains/gnu_arm/12.2.rel1_2023.7/bin/../lib/gcc/arm-none-eabi/12.2.1/thumb/v8-m.main+fp/hard/crtbegin.o
 .text          0x00000000000001d0       0x7c /home/aatir/SimplicityStudio_v5/developer/toolchains/gnu_arm/12.2.rel1_2023.7/bin/../lib/gcc/arm-none-eabi/12.2.1/../../../../arm-none-eabi/lib/thumb/v8-m.main+fp/hard/crt0.o
                0x00000000000001d0                _stack_init
                0x00000000000001d8                _mainCRTStartup
                0x00000000000001d8                _start
 .text.initUSART0
                0x000000000000024c       0x54 ./app.o
                0x000000000000024c                initUSART0
 .text.sl_device_init_clocks
                0x00000000000002a0       0x9c ./autogen/sl_device_init_clocks.o
                0x00000000000002a0                sl_device_init_clocks
 .text.sl_platform_init
                0x000000000000033c       0x58 ./autogen/sl_event_handler.o
                0x000000000000033c                sl_platform_init
 .text.CopyRamFuncs
                0x0000000000000394       0x1c ./gecko_sdk_4.4.0/platform/Device/SiliconLabs/BGM22/Source/startup_bgm22.o
                0x0000000000000394                CopyRamFuncs
 .text.Reset_Handler
                0x00000000000003b0       0x64 ./gecko_sdk_4.4.0/platform/Device/SiliconLabs/BGM22/Source/startup_bgm22.o
                0x00000000000003b0                Reset_Handler
 .text.SystemInit
                0x0000000000000414       0x64 ./gecko_sdk_4.4.0/platform/Device/SiliconLabs/BGM22/Source/system_bgm22.o
                0x0000000000000414                SystemInit
 .text.SystemHFRCODPLLClockGet
                0x0000000000000478        0xc ./gecko_sdk_4.4.0/platform/Device/SiliconLabs/BGM22/Source/system_bgm22.o
                0x0000000000000478                SystemHFRCODPLLClockGet
 .text.SystemSYSCLKGet
                0x0000000000000484       0x34 ./gecko_sdk_4.4.0/platform/Device/SiliconLabs/BGM22/Source/system_bgm22.o
                0x0000000000000484                SystemSYSCLKGet
 .text.SystemHCLKGet
                0x00000000000004b8       0x24 ./gecko_sdk_4.4.0/platform/Device/SiliconLabs/BGM22/Source/system_bgm22.o
                0x00000000000004b8                SystemHCLKGet
 .text.SystemMaxCoreClockGet
                0x00000000000004dc        0x8 ./gecko_sdk_4.4.0/platform/Device/SiliconLabs/BGM22/Source/system_bgm22.o
                0x00000000000004dc                SystemMaxCoreClockGet
 .text.SystemHFXOClockGet
                0x00000000000004e4        0xc ./gecko_sdk_4.4.0/platform/Device/SiliconLabs/BGM22/Source/system_bgm22.o
                0x00000000000004e4                SystemHFXOClockGet
 .text.SystemHFXOClockSet
                0x00000000000004f0       0x20 ./gecko_sdk_4.4.0/platform/Device/SiliconLabs/BGM22/Source/system_bgm22.o
                0x00000000000004f0                SystemHFXOClockSet
 .text.SystemFSRCOClockGet
                0x0000000000000510        0x8 ./gecko_sdk_4.4.0/platform/Device/SiliconLabs/BGM22/Source/system_bgm22.o
                0x0000000000000510                SystemFSRCOClockGet
 .text.SystemLFXOClockGet
                0x0000000000000518        0xc ./gecko_sdk_4.4.0/platform/Device/SiliconLabs/BGM22/Source/system_bgm22.o
                0x0000000000000518                SystemLFXOClockGet
 .text.EMU_VScaleGet
                0x0000000000000524       0x18 ./gecko_sdk_4.4.0/platform/emlib/src/em_cmu.o
 .text.em01GrpaClkGet
                0x000000000000053c       0x48 ./gecko_sdk_4.4.0/platform/emlib/src/em_cmu.o
 .text.iadcClkGet
                0x0000000000000584       0x54 ./gecko_sdk_4.4.0/platform/emlib/src/em_cmu.o
 .text.em01GrpbClkGet
                0x00000000000005d8       0x74 ./gecko_sdk_4.4.0/platform/emlib/src/em_cmu.o
 .text.em23GrpaClkGet
                0x000000000000064c       0x48 ./gecko_sdk_4.4.0/platform/emlib/src/em_cmu.o
 .text.wdog0ClkGet
                0x0000000000000694       0x64 ./gecko_sdk_4.4.0/platform/emlib/src/em_cmu.o
 .text.rtccClkGet
                0x00000000000006f8       0x54 ./gecko_sdk_4.4.0/platform/emlib/src/em_cmu.o
 .text.em4GrpaClkGet
                0x000000000000074c       0x48 ./gecko_sdk_4.4.0/platform/emlib/src/em_cmu.o
 .text.euart0ClkGet
                0x0000000000000794       0x48 ./gecko_sdk_4.4.0/platform/emlib/src/em_cmu.o
 .text.CMU_ClockDivGet
                0x00000000000007dc       0x84 ./gecko_sdk_4.4.0/platform/emlib/src/em_cmu.o
                0x00000000000007dc                CMU_ClockDivGet
 .text.flashWaitStateControl
                0x0000000000000860       0x4c ./gecko_sdk_4.4.0/platform/emlib/src/em_cmu.o
 .text.CMU_ClockEnable
                0x00000000000008ac       0x54 ./gecko_sdk_4.4.0/platform/emlib/src/em_cmu.o
                0x00000000000008ac                CMU_ClockEnable
 .text.CMU_ClockFreqGet
                0x0000000000000900      0x198 ./gecko_sdk_4.4.0/platform/emlib/src/em_cmu.o
                0x0000000000000900                CMU_ClockFreqGet
 .text.rhclkPrescOptimize
                0x0000000000000a98       0x20 ./gecko_sdk_4.4.0/platform/emlib/src/em_cmu.o
 .text.CMU_ClockSelectGet
                0x0000000000000ab8      0x168 ./gecko_sdk_4.4.0/platform/emlib/src/em_cmu.o
                0x0000000000000ab8                CMU_ClockSelectGet
 .text.sli_em_cmu_HFXOSetForceEnable
                0x0000000000000c20       0x18 ./gecko_sdk_4.4.0/platform/emlib/src/em_cmu.o
                0x0000000000000c20                sli_em_cmu_HFXOSetForceEnable
 .text.CMU_HFXOInit
                0x0000000000000c38      0x1dc ./gecko_sdk_4.4.0/platform/emlib/src/em_cmu.o
                0x0000000000000c38                CMU_HFXOInit
 .text.CMU_HFXOCTuneDeltaGet
                0x0000000000000e14        0xc ./gecko_sdk_4.4.0/platform/emlib/src/em_cmu.o
                0x0000000000000e14                CMU_HFXOCTuneDeltaGet
 .text.CMU_LFXOInit
                0x0000000000000e20       0xc4 ./gecko_sdk_4.4.0/platform/emlib/src/em_cmu.o
                0x0000000000000e20                CMU_LFXOInit
 .text.CMU_LFXOPrecisionSet
                0x0000000000000ee4        0xc ./gecko_sdk_4.4.0/platform/emlib/src/em_cmu.o
                0x0000000000000ee4                CMU_LFXOPrecisionSet
 .text.CMU_HFXOPrecisionSet
                0x0000000000000ef0        0xc ./gecko_sdk_4.4.0/platform/emlib/src/em_cmu.o
                0x0000000000000ef0                CMU_HFXOPrecisionSet
 .text.CMU_ClockDivSet
                0x0000000000000efc      0x104 ./gecko_sdk_4.4.0/platform/emlib/src/em_cmu.o
                0x0000000000000efc                CMU_ClockDivSet
 .text.sli_em_cmu_SYSCLKInitPreClockSelect
                0x0000000000001000       0x20 ./gecko_sdk_4.4.0/platform/emlib/src/em_cmu.o
                0x0000000000001000                sli_em_cmu_SYSCLKInitPreClockSelect
 .text.pclkDivOptimize
                0x0000000000001020       0x24 ./gecko_sdk_4.4.0/platform/emlib/src/em_cmu.o
 .text.EMU_EM4Init
                0x0000000000001044       0x14 ./gecko_sdk_4.4.0/platform/emlib/src/em_emu.o
                0x0000000000001044                EMU_EM4Init
 .text.EMU_VScaleEM01
                0x0000000000001058       0xa8 ./gecko_sdk_4.4.0/platform/emlib/src/em_emu.o
                0x0000000000001058                EMU_VScaleEM01
 .text.EMU_VScaleEM01ByClock
                0x0000000000001100       0x30 ./gecko_sdk_4.4.0/platform/emlib/src/em_emu.o
                0x0000000000001100                EMU_VScaleEM01ByClock
 .text.EMU_DCDCModeSet
                0x0000000000001130       0xb8 ./gecko_sdk_4.4.0/platform/emlib/src/em_emu.o
                0x0000000000001130                EMU_DCDCModeSet
 .text.EMU_DCDCInit
                0x00000000000011e8       0x74 ./gecko_sdk_4.4.0/platform/emlib/src/em_emu.o
                0x00000000000011e8                EMU_DCDCInit
 .text.GPIO_PinOutSet
                0x000000000000125c       0x40 ./gecko_sdk_4.4.0/platform/emlib/src/em_gpio.o
 .text.GPIO_PinOutClear
                0x000000000000129c       0x40 ./gecko_sdk_4.4.0/platform/emlib/src/em_gpio.o
 .text.GPIO_PinModeSet
                0x00000000000012dc       0x90 ./gecko_sdk_4.4.0/platform/emlib/src/em_gpio.o
                0x00000000000012dc                GPIO_PinModeSet
 .text.SYSTEM_GetProdRev
                0x000000000000136c       0x10 ./gecko_sdk_4.4.0/platform/emlib/src/em_system.o
                0x000000000000136c                SYSTEM_GetProdRev
 .text.USART_BaudrateAsyncSet
                0x000000000000137c       0xe0 ./gecko_sdk_4.4.0/platform/emlib/src/em_usart.o
                0x000000000000137c                USART_BaudrateAsyncSet
 .text.USART_Reset
                0x000000000000145c       0x70 ./gecko_sdk_4.4.0/platform/emlib/src/em_usart.o
                0x000000000000145c                USART_Reset
 .text.USART_InitAsync
                0x00000000000014cc      0x124 ./gecko_sdk_4.4.0/platform/emlib/src/em_usart.o
                0x00000000000014cc                USART_InitAsync
 .text.sl_device_init_dcdc
                0x00000000000015f0       0x20 ./gecko_sdk_4.4.0/platform/service/device_init/src/sl_device_init_dcdc_s2.o
                0x00000000000015f0                sl_device_init_dcdc
 .text.sl_device_init_emu
                0x0000000000001610       0x24 ./gecko_sdk_4.4.0/platform/service/device_init/src/sl_device_init_emu_s2.o
                0x0000000000001610                sl_device_init_emu
 .text.sl_device_init_hfxo
                0x0000000000001634       0x70 ./gecko_sdk_4.4.0/platform/service/device_init/src/sl_device_init_hfxo_s2.o
                0x0000000000001634                sl_device_init_hfxo
 .text.sl_device_init_lfxo
                0x00000000000016a4       0x2c ./gecko_sdk_4.4.0/platform/service/device_init/src/sl_device_init_lfxo_s2.o
                0x00000000000016a4                sl_device_init_lfxo
 .text.sl_device_init_nvic
                0x00000000000016d0       0x3c ./gecko_sdk_4.4.0/platform/service/device_init/src/sl_device_init_nvic.o
                0x00000000000016d0                sl_device_init_nvic
 .text.exit     0x000000000000170c       0x24 /home/aatir/SimplicityStudio_v5/developer/toolchains/gnu_arm/12.2.rel1_2023.7/bin/../lib/gcc/arm-none-eabi/12.2.1/../../../../arm-none-eabi/lib/thumb/v8-m.main+fp/hard/libc_nano.a(libc_a-exit.o)
                0x000000000000170c                exit
 .text.__libc_init_array
                0x0000000000001730       0x48 /home/aatir/SimplicityStudio_v5/developer/toolchains/gnu_arm/12.2.rel1_2023.7/bin/../lib/gcc/arm-none-eabi/12.2.1/../../../../arm-none-eabi/lib/thumb/v8-m.main+fp/hard/libc_nano.a(libc_a-init.o)
                0x0000000000001730                __libc_init_array
 .text.initCMU  0x0000000000001778       0x16 ./app.o
                0x0000000000001778                initCMU
 .text.initGPIO
                0x000000000000178e       0x2a ./app.o
                0x000000000000178e                initGPIO
 .text.app_init
                0x00000000000017b8       0x12 ./app.o
                0x00000000000017b8                app_init
 .text.app_process_action
                0x00000000000017ca        0x2 ./app.o
                0x00000000000017ca                app_process_action
 .text.startup.main
                0x00000000000017cc       0x14 ./main.o
                0x00000000000017cc                main
 .text.sl_board_default_init
                0x00000000000017e0        0x2 ./autogen/sl_board_default_init.o
                0x00000000000017e0                sl_board_default_init
 .text.sl_driver_init
                0x00000000000017e2        0x2 ./autogen/sl_event_handler.o
                0x00000000000017e2                sl_driver_init
 .text.sl_service_init
                0x00000000000017e4        0x4 ./autogen/sl_event_handler.o
                0x00000000000017e4                sl_service_init
 .text.sl_stack_init
                0x00000000000017e8        0x2 ./autogen/sl_event_handler.o
                0x00000000000017e8                sl_stack_init
 .text.sl_internal_app_init
                0x00000000000017ea        0x2 ./autogen/sl_event_handler.o
                0x00000000000017ea                sl_internal_app_init
 .text.sl_platform_process_action
                0x00000000000017ec        0x2 ./autogen/sl_event_handler.o
                0x00000000000017ec                sl_platform_process_action
 .text.sl_service_process_action
                0x00000000000017ee        0x2 ./autogen/sl_event_handler.o
                0x00000000000017ee                sl_service_process_action
 .text.sl_stack_process_action
                0x00000000000017f0        0x2 ./autogen/sl_event_handler.o
                0x00000000000017f0                sl_stack_process_action
 .text.sl_internal_app_process_action
                0x00000000000017f2        0x2 ./autogen/sl_event_handler.o
                0x00000000000017f2                sl_internal_app_process_action
 .text.sl_board_configure_vcom
                0x00000000000017f4        0x4 ./gecko_sdk_4.4.0/hardware/board/src/sl_board_control_gpio.o
                0x00000000000017f4                sl_board_configure_vcom
 .text.sl_board_init
                0x00000000000017f8       0x12 ./gecko_sdk_4.4.0/hardware/board/src/sl_board_init.o
                0x00000000000017f8                sl_board_init
 .text.sl_board_preinit
                0x000000000000180a        0x8 ./gecko_sdk_4.4.0/hardware/board/src/sl_board_init.o
                0x000000000000180a                sl_board_preinit
 .text.Default_Handler
                0x0000000000001812        0x2 ./gecko_sdk_4.4.0/platform/Device/SiliconLabs/BGM22/Source/startup_bgm22.o
                0x0000000000001812                ULFRCO_IRQHandler
                0x0000000000001812                SW2_IRQHandler
                0x0000000000001812                TIMER2_IRQHandler
                0x0000000000001812                DebugMon_Handler
                0x0000000000001812                PKE_IRQHandler
                0x0000000000001812                USART0_TX_IRQHandler
                0x0000000000001812                PRORTC_IRQHandler
                0x0000000000001812                IADC_IRQHandler
                0x0000000000001812                I2C0_IRQHandler
                0x0000000000001812                LFXO_IRQHandler
                0x0000000000001812                CRYPTOACC_IRQHandler
                0x0000000000001812                HardFault_Handler
                0x0000000000001812                SMU_SECURE_IRQHandler
                0x0000000000001812                SysTick_Handler
                0x0000000000001812                USART1_RX_IRQHandler
                0x0000000000001812                EMUEFP_IRQHandler
                0x0000000000001812                PendSV_Handler
                0x0000000000001812                NMI_Handler
                0x0000000000001812                SYNTH_IRQHandler
                0x0000000000001812                HFXO0_IRQHandler
                0x0000000000001812                I2C1_IRQHandler
                0x0000000000001812                PDM_IRQHandler
                0x0000000000001812                WDOG0_IRQHandler
                0x0000000000001812                TIMER3_IRQHandler
                0x0000000000001812                SYSCFG_IRQHandler
                0x0000000000001812                EMUSE_IRQHandler
                0x0000000000001812                EMUDG_IRQHandler
                0x0000000000001812                USART1_TX_IRQHandler
                0x0000000000001812                MSC_IRQHandler
                0x0000000000001812                DPLL0_IRQHandler
                0x0000000000001812                UsageFault_Handler
                0x0000000000001812                M33CTI1_IRQHandler
                0x0000000000001812                TIMER4_IRQHandler
                0x0000000000001812                GPIO_EVEN_IRQHandler
                0x0000000000001812                LDMA_IRQHandler
                0x0000000000001812                SW0_IRQHandler
                0x0000000000001812                TIMER0_IRQHandler
                0x0000000000001812                LETIMER0_IRQHandler
                0x0000000000001812                TIMER1_IRQHandler
                0x0000000000001812                HFRCO0_IRQHandler
                0x0000000000001812                RFSENSE_IRQHandler
                0x0000000000001812                SecureFault_Handler
                0x0000000000001812                BUFC_IRQHandler
                0x0000000000001812                DCDC_IRQHandler
                0x0000000000001812                MODEM_IRQHandler
                0x0000000000001812                Default_Handler
                0x0000000000001812                RAC_SEQ_IRQHandler
                0x0000000000001812                FRC_PRI_IRQHandler
                0x0000000000001812                EMU_IRQHandler
                0x0000000000001812                SW3_IRQHandler
                0x0000000000001812                KERNEL0_IRQHandler
                0x0000000000001812                FRC_IRQHandler
                0x0000000000001812                KERNEL1_IRQHandler
                0x0000000000001812                AGC_IRQHandler
                0x0000000000001812                sl_app_properties
                0x0000000000001812                BURTC_IRQHandler
                0x0000000000001812                LFRCO_IRQHandler
                0x0000000000001812                USART0_RX_IRQHandler
                0x0000000000001812                MemManage_Handler
                0x0000000000001812                RDMAILBOX_IRQHandler
                0x0000000000001812                SVC_Handler
                0x0000000000001812                RTCC_IRQHandler
                0x0000000000001812                SMU_S_PRIVILEGED_IRQHandler
                0x0000000000001812                SW1_IRQHandler
                0x0000000000001812                CMU_IRQHandler
                0x0000000000001812                RAC_RSM_IRQHandler
                0x0000000000001812                EUART0_TX_IRQHandler
                0x0000000000001812                EUART0_RX_IRQHandler
                0x0000000000001812                GPIO_ODD_IRQHandler
                0x0000000000001812                AES_IRQHandler
                0x0000000000001812                M33CTI0_IRQHandler
                0x0000000000001812                ICACHE0_IRQHandler
                0x0000000000001812                SMU_NS_PRIVILEGED_IRQHandler
                0x0000000000001812                PROTIMER_IRQHandler
                0x0000000000001812                BusFault_Handler
                0x0000000000001812                TRNG_IRQHandler
 .text.FlashToRamCopy
                0x0000000000001814       0x16 ./gecko_sdk_4.4.0/platform/Device/SiliconLabs/BGM22/Source/system_bgm22.o
                0x0000000000001814                FlashToRamCopy
 .text.SystemCLKIN0Get
                0x000000000000182a        0x4 ./gecko_sdk_4.4.0/platform/Device/SiliconLabs/BGM22/Source/system_bgm22.o
                0x000000000000182a                SystemCLKIN0Get
 .text.SystemLFRCOClockGet
                0x000000000000182e        0x6 ./gecko_sdk_4.4.0/platform/Device/SiliconLabs/BGM22/Source/system_bgm22.o
                0x000000000000182e                SystemLFRCOClockGet
 .text.SystemULFRCOClockGet
                0x0000000000001834        0x6 ./gecko_sdk_4.4.0/platform/Device/SiliconLabs/BGM22/Source/system_bgm22.o
                0x0000000000001834                SystemULFRCOClockGet
 .text.assertEFM
                0x000000000000183a        0x2 ./gecko_sdk_4.4.0/platform/common/src/sl_assert.o
                0x000000000000183a                assertEFM
 .text._exit    0x000000000000183c        0x2 ./gecko_sdk_4.4.0/platform/common/src/sl_syscalls.o
                0x000000000000183c                _exit
 .text.waitStateMax
                0x000000000000183e       0x10 ./gecko_sdk_4.4.0/platform/emlib/src/em_cmu.o
 .text.CMU_UpdateWaitStates
                0x000000000000184e        0xc ./gecko_sdk_4.4.0/platform/emlib/src/em_cmu.o
                0x000000000000184e                CMU_UpdateWaitStates
 .text.pclkDivMax
                0x000000000000185a        0xa ./gecko_sdk_4.4.0/platform/emlib/src/em_cmu.o
 .text.sli_em_cmu_SYSCLKInitPostClockSelect
                0x0000000000001864       0x2a ./gecko_sdk_4.4.0/platform/emlib/src/em_cmu.o
                0x0000000000001864                sli_em_cmu_SYSCLKInitPostClockSelect
 .text.CORE_EnterCritical
                0x000000000000188e        0x8 ./gecko_sdk_4.4.0/platform/emlib/src/em_core.o
                0x000000000000188e                CORE_EnterCritical
 .text.CORE_ExitCritical
                0x0000000000001896        0x6 ./gecko_sdk_4.4.0/platform/emlib/src/em_core.o
                0x0000000000001896                CORE_ExitCritical
 .text.EMU_EFPEM01VScale
                0x000000000000189c        0x2 ./gecko_sdk_4.4.0/platform/emlib/src/em_emu.o
                0x000000000000189c                EMU_EFPEM01VScale
 .text.EMU_DCDCUpdatedHook
                0x000000000000189e        0x2 ./gecko_sdk_4.4.0/platform/emlib/src/em_emu.o
                0x000000000000189e                EMU_DCDCUpdatedHook
 .text.BUS_RegMaskedWrite
                0x00000000000018a0       0x1e ./gecko_sdk_4.4.0/platform/emlib/src/em_gpio.o
 .text.sl_system_init
                0x00000000000018be       0x1a ./gecko_sdk_4.4.0/platform/service/system/src/sl_system_init.o
                0x00000000000018be                sl_system_init
 .text.sl_system_process_action
                0x00000000000018d8       0x16 ./gecko_sdk_4.4.0/platform/service/system/src/sl_system_process_action.o
                0x00000000000018d8                sl_system_process_action
 .text.memset   0x00000000000018ee       0x10 /home/aatir/SimplicityStudio_v5/developer/toolchains/gnu_arm/12.2.rel1_2023.7/bin/../lib/gcc/arm-none-eabi/12.2.1/../../../../arm-none-eabi/lib/thumb/v8-m.main+fp/hard/libc_nano.a(libc_a-memset.o)
                0x00000000000018ee                memset
                0x0000000000001900                . = ALIGN (0x20)
 *fill*         0x00000000000018fe        0x2 
                0x0000000000001900                linker_code_end = .
 *(.init)
 .init          0x0000000000001900        0x4 /home/aatir/SimplicityStudio_v5/developer/toolchains/gnu_arm/12.2.rel1_2023.7/bin/../lib/gcc/arm-none-eabi/12.2.1/thumb/v8-m.main+fp/hard/crti.o
                0x0000000000001900                _init
 .init          0x0000000000001904        0x8 /home/aatir/SimplicityStudio_v5/developer/toolchains/gnu_arm/12.2.rel1_2023.7/bin/../lib/gcc/arm-none-eabi/12.2.1/thumb/v8-m.main+fp/hard/crtn.o
 *(.fini)
 .fini          0x000000000000190c        0x4 /home/aatir/SimplicityStudio_v5/developer/toolchains/gnu_arm/12.2.rel1_2023.7/bin/../lib/gcc/arm-none-eabi/12.2.1/thumb/v8-m.main+fp/hard/crti.o
                0x000000000000190c                _fini
 .fini          0x0000000000001910        0x8 /home/aatir/SimplicityStudio_v5/developer/toolchains/gnu_arm/12.2.rel1_2023.7/bin/../lib/gcc/arm-none-eabi/12.2.1/thumb/v8-m.main+fp/hard/crtn.o
 *crtbegin.o(.ctors)
 *crtbegin?.o(.ctors)
 *(EXCLUDE_FILE(*crtend.o *crtend?.o) .ctors)
 *(SORT_BY_NAME(.ctors.*))
 *(.ctors)
 *crtbegin.o(.dtors)
 *crtbegin?.o(.dtors)
 *(EXCLUDE_FILE(*crtend.o *crtend?.o) .dtors)
 *(SORT_BY_NAME(.dtors.*))
 *(.dtors)
                0x0000000000001918                __code_classification_validator_start__ = .
                0x0000000000001938                . = (. + 0x20)
 *fill*         0x0000000000001918       0x20 
 *(code_classification_validator)
                0x0000000000001940                . = ALIGN (0x20)
 *fill*         0x0000000000001938        0x8 
                0x0000000000001940                __code_classification_validator_end__ = .
 *(.rodata*)
 .rodata        0x0000000000001940       0x1c ./app.o
 .rodata.HFRCODPLLDevinfoGet.str1.1
                0x000000000000195c       0x32 ./gecko_sdk_4.4.0/platform/emlib/src/em_cmu.o
 .rodata.EMU_VScaleEM01.str1.1
                0x000000000000198e       0x32 ./gecko_sdk_4.4.0/platform/emlib/src/em_emu.o
 .rodata.GPIO_PinOutSet.str1.1
                0x00000000000019c0       0x34 ./gecko_sdk_4.4.0/platform/emlib/src/em_gpio.o
 .rodata.GPIO_ExtIntConfig.str1.1
                0x00000000000019f4       0x33 ./gecko_sdk_4.4.0/platform/emlib/src/em_gpio.o
 *fill*         0x0000000000001a27        0x1 
 .rodata.CSWTCH.31
                0x0000000000001a28        0x8 ./gecko_sdk_4.4.0/platform/emlib/src/em_gpio.o
 .rodata.USART_BaudrateAsyncSet.str1.1
                0x0000000000001a30       0x31 ./gecko_sdk_4.4.0/platform/emlib/src/em_usart.o
 .rodata        0x0000000000001a61        0x8 ./gecko_sdk_4.4.0/platform/service/device_init/src/sl_device_init_dcdc_s2.o
 *fill*         0x0000000000001a69        0x3 
 .rodata        0x0000000000001a6c       0x28 ./gecko_sdk_4.4.0/platform/service/device_init/src/sl_device_init_hfxo_s2.o
 .rodata        0x0000000000001a94       0x14 ./gecko_sdk_4.4.0/platform/service/device_init/src/sl_device_init_lfxo_s2.o
 *(.eh_frame*)
 .eh_frame      0x0000000000001aa8        0x0 /home/aatir/SimplicityStudio_v5/developer/toolchains/gnu_arm/12.2.rel1_2023.7/bin/../lib/gcc/arm-none-eabi/12.2.1/thumb/v8-m.main+fp/hard/crtbegin.o

.glue_7         0x0000000000001aa8        0x0
 .glue_7        0x0000000000001aa8        0x0 linker stubs

.glue_7t        0x0000000000001aa8        0x0
 .glue_7t       0x0000000000001aa8        0x0 linker stubs

.vfp11_veneer   0x0000000000001aa8        0x0
 .vfp11_veneer  0x0000000000001aa8        0x0 linker stubs

.v4_bx          0x0000000000001aa8        0x0
 .v4_bx         0x0000000000001aa8        0x0 linker stubs

.iplt           0x0000000000001aa8        0x0
 .iplt          0x0000000000001aa8        0x0 /home/aatir/SimplicityStudio_v5/developer/toolchains/gnu_arm/12.2.rel1_2023.7/bin/../lib/gcc/arm-none-eabi/12.2.1/thumb/v8-m.main+fp/hard/crtbegin.o

.ARM.extab
 *(.ARM.extab* .gnu.linkonce.armextab.*)
                0x0000000000001aa8                __exidx_start = .

.ARM.exidx      0x0000000000001aa8        0x8
 *(.ARM.exidx* .gnu.linkonce.armexidx.*)
 .ARM.exidx     0x0000000000001aa8        0x8 /home/aatir/SimplicityStudio_v5/developer/toolchains/gnu_arm/12.2.rel1_2023.7/bin/../lib/gcc/arm-none-eabi/12.2.1/../../../../arm-none-eabi/lib/thumb/v8-m.main+fp/hard/crt0.o
                                         0x10 (size before relaxing)
                0x0000000000001ab0                __exidx_end = .

.rel.dyn        0x0000000000001ab0        0x0
 .rel.iplt      0x0000000000001ab0        0x0 /home/aatir/SimplicityStudio_v5/developer/toolchains/gnu_arm/12.2.rel1_2023.7/bin/../lib/gcc/arm-none-eabi/12.2.1/thumb/v8-m.main+fp/hard/crtbegin.o

.copy.table     0x0000000000001ab0        0xc
                0x0000000000001ab0                . = ALIGN (0x4)
                0x0000000000001ab0                __copy_table_start__ = .
                0x0000000000001ab0        0x4 LONG 0x1abc __etext
                0x0000000000001ab4        0x4 LONG 0x20001000 __data_start__
                0x0000000000001ab8        0x4 LONG 0x7 ((__data_end__ - __data_start__) / 0x4)
                0x0000000000001abc                __copy_table_end__ = .

.zero.table     0x0000000000001abc        0x0
                0x0000000000001abc                . = ALIGN (0x4)
                0x0000000000001abc                __zero_table_start__ = .
                0x0000000000001abc                __zero_table_end__ = .
                0x0000000000001abc                __etext = .
                0x0000000020000000                . = ORIGIN (RAM)

.stack          0x0000000020000000     0x1000
                0x0000000020000000                __StackLimit = .
 *(.stack*)
 .stack         0x0000000020000000     0x1000 ./gecko_sdk_4.4.0/platform/common/toolchain/src/sl_memory.o
                0x0000000020001000                . = ALIGN (0x4)
                0x0000000020001000                __StackTop = .
                0x0000000020001000                PROVIDE (__stack = __StackTop)

.noinit
 *(.noinit*)

.data           0x0000000020001000       0x1c load address 0x0000000000001abc
                0x0000000020001000                . = ALIGN (0x4)
                0x0000000020001000                __data_start__ = .
 *(vtable)
 *(SORT_BY_ALIGNMENT(.data*))
 .data.SystemCoreClock
                0x0000000020001000        0x4 ./gecko_sdk_4.4.0/platform/Device/SiliconLabs/BGM22/Source/system_bgm22.o
                0x0000000020001000                SystemCoreClock
 .data.SystemHFRCODPLLClock
                0x0000000020001004        0x4 ./gecko_sdk_4.4.0/platform/Device/SiliconLabs/BGM22/Source/system_bgm22.o
 .data.SystemLFXOClock
                0x0000000020001008        0x4 ./gecko_sdk_4.4.0/platform/Device/SiliconLabs/BGM22/Source/system_bgm22.o
 .data.SystemHFXOClock
                0x000000002000100c        0x4 ./gecko_sdk_4.4.0/platform/Device/SiliconLabs/BGM22/Source/system_bgm22.o
 .data.hfxo_precision
                0x0000000020001010        0x2 ./gecko_sdk_4.4.0/platform/emlib/src/em_cmu.o
 .data.lfxo_precision
                0x0000000020001012        0x2 ./gecko_sdk_4.4.0/platform/emlib/src/em_cmu.o
                0x0000000020001014                . = ALIGN (0x4)
                [!provide]                        PROVIDE (__ram_func_section_start = .)
 *(.ram)
                [!provide]                        PROVIDE (__ram_func_section_end = .)
                0x0000000020001014                . = ALIGN (0x4)
                0x0000000020001014                PROVIDE (__preinit_array_start = .)
 *(.preinit_array)
                0x0000000020001014                PROVIDE (__preinit_array_end = .)
                0x0000000020001014                . = ALIGN (0x4)
                0x0000000020001014                PROVIDE (__init_array_start = .)
 *(SORT_BY_NAME(.init_array.*))
 *(.init_array)
 .init_array    0x0000000020001014        0x4 /home/aatir/SimplicityStudio_v5/developer/toolchains/gnu_arm/12.2.rel1_2023.7/bin/../lib/gcc/arm-none-eabi/12.2.1/thumb/v8-m.main+fp/hard/crtbegin.o
                0x0000000020001018                PROVIDE (__init_array_end = .)
                0x0000000020001018                . = ALIGN (0x4)
                [!provide]                        PROVIDE (__fini_array_start = .)
 *(SORT_BY_NAME(.fini_array.*))
 *(.fini_array)
 .fini_array    0x0000000020001018        0x4 /home/aatir/SimplicityStudio_v5/developer/toolchains/gnu_arm/12.2.rel1_2023.7/bin/../lib/gcc/arm-none-eabi/12.2.1/thumb/v8-m.main+fp/hard/crtbegin.o
                [!provide]                        PROVIDE (__fini_array_end = .)
                0x000000002000101c                . = ALIGN (0x4)
                0x000000002000101c                __data_end__ = .

.tm_clone_table
                0x000000002000101c        0x0 load address 0x0000000000001ad8
 .tm_clone_table
                0x000000002000101c        0x0 /home/aatir/SimplicityStudio_v5/developer/toolchains/gnu_arm/12.2.rel1_2023.7/bin/../lib/gcc/arm-none-eabi/12.2.1/thumb/v8-m.main+fp/hard/crtbegin.o
 .tm_clone_table
                0x000000002000101c        0x0 /home/aatir/SimplicityStudio_v5/developer/toolchains/gnu_arm/12.2.rel1_2023.7/bin/../lib/gcc/arm-none-eabi/12.2.1/thumb/v8-m.main+fp/hard/crtend.o

.igot.plt       0x000000002000101c        0x0 load address 0x0000000000001ad8
 .igot.plt      0x000000002000101c        0x0 /home/aatir/SimplicityStudio_v5/developer/toolchains/gnu_arm/12.2.rel1_2023.7/bin/../lib/gcc/arm-none-eabi/12.2.1/thumb/v8-m.main+fp/hard/crtbegin.o

.bss            0x000000002000101c       0x20 load address 0x0000000000001ad8
                0x000000002000101c                . = ALIGN (0x4)
                0x000000002000101c                __bss_start__ = .
 *(SORT_BY_ALIGNMENT(.bss*))
 .bss.object.0  0x000000002000101c       0x18 /home/aatir/SimplicityStudio_v5/developer/toolchains/gnu_arm/12.2.rel1_2023.7/bin/../lib/gcc/arm-none-eabi/12.2.1/thumb/v8-m.main+fp/hard/crtbegin.o
 .bss.__stdio_exit_handler
                0x0000000020001034        0x4 /home/aatir/SimplicityStudio_v5/developer/toolchains/gnu_arm/12.2.rel1_2023.7/bin/../lib/gcc/arm-none-eabi/12.2.1/../../../../arm-none-eabi/lib/thumb/v8-m.main+fp/hard/libc_nano.a(libc_a-findfp.o)
                0x0000000020001034                __stdio_exit_handler
 .bss.completed.1
                0x0000000020001038        0x1 /home/aatir/SimplicityStudio_v5/developer/toolchains/gnu_arm/12.2.rel1_2023.7/bin/../lib/gcc/arm-none-eabi/12.2.1/thumb/v8-m.main+fp/hard/crtbegin.o
 .bss.ctuneDelta
                0x0000000020001039        0x1 ./gecko_sdk_4.4.0/platform/emlib/src/em_cmu.o
 .bss.vScaleEM01Config
                0x000000002000103a        0x1 ./gecko_sdk_4.4.0/platform/emlib/src/em_emu.o
 *(COMMON)
                0x000000002000103c                . = ALIGN (0x4)
 *fill*         0x000000002000103b        0x1 
                0x000000002000103c                __bss_end__ = .
                0x000000002000103c                __ramfuncs_start__ = .
                0x000000002000103c                __vma_ramfuncs_start__ = .
                0x0000000000001ad8                __lma_ramfuncs_start__ = (__etext + SIZEOF (.data))
                0x0000000000000000                __text_application_ram_offset__ = (. - __vma_ramfuncs_start__)

text_application_ram
                0x000000002000103c        0x0 load address 0x0000000000001ad8
                0x000000002000103c                . = ALIGN (0x4)
                0x000000002000103c                __text_application_ram_start__ = .
 *(text_application_ram)
                0x000000002000103c                . = ALIGN (0x4)
                0x000000002000103c                __text_application_ram_end__ = .
                0x000000002000103c                . = ALIGN (0x4)
                0x000000002000103c                __vma_ramfuncs_end__ = .
                0x0000000000001ad8                __lma_ramfuncs_end__ = ((__lma_ramfuncs_start__ + __text_application_ram_offset__) + SIZEOF (text_application_ram))
                0x000000002000103c                __ramfuncs_end__ = .

.heap           0x0000000020001040      0x800
                0x0000000020001040                __HeapBase = .
                0x0000000020001040                __end__ = .
                0x0000000020001040                end = __end__
                0x0000000020001040                _end = __end__
 *(.heap*)
 .heap          0x0000000020001040      0x800 ./gecko_sdk_4.4.0/platform/common/toolchain/src/sl_memory.o
                0x0000000020008000                __HeapLimit = (ORIGIN (RAM) + LENGTH (RAM))
                0x0000000000006fc0                __heap_size = (__HeapLimit - __HeapBase)
                0x0000000020008000                __ram_end__ = 0x20008000
                0x000000000007e000                __main_flash_end__ = 0x7e000

.internal_storage
 *(.internal_storage*)

.nvm
 *(.simee*)
                0x000000000007e000                linker_nvm_end = __main_flash_end__
                0x000000000007e000                linker_nvm_begin = (linker_nvm_end - SIZEOF (.nvm))
                0x0000000000000000                linker_nvm_size = SIZEOF (.nvm)
                0x000000000007e000                linker_storage_end = linker_nvm_begin
                0x000000000007e000                __nvm3Base = linker_nvm_begin
                0x000000000007e000                linker_storage_begin = (linker_storage_end - SIZEOF (.internal_storage))
                0x0000000000000000                linker_storage_size = SIZEOF (.internal_storage)
                0x0000000000000001                ASSERT ((linker_storage_begin >= (__etext + SIZEOF (.data))), FLASH memory overflowed !)
OUTPUT(lola.axf elf32-littlearm)
LOAD linker stubs

.ARM.attributes
                0x0000000000000000       0x36
 .ARM.attributes
                0x0000000000000000       0x26 /home/aatir/SimplicityStudio_v5/developer/toolchains/gnu_arm/12.2.rel1_2023.7/bin/../lib/gcc/arm-none-eabi/12.2.1/thumb/v8-m.main+fp/hard/crti.o
 .ARM.attributes
                0x0000000000000026       0x38 /home/aatir/SimplicityStudio_v5/developer/toolchains/gnu_arm/12.2.rel1_2023.7/bin/../lib/gcc/arm-none-eabi/12.2.1/thumb/v8-m.main+fp/hard/crtbegin.o
 .ARM.attributes
                0x000000000000005e       0x24 /home/aatir/SimplicityStudio_v5/developer/toolchains/gnu_arm/12.2.rel1_2023.7/bin/../lib/gcc/arm-none-eabi/12.2.1/../../../../arm-none-eabi/lib/thumb/v8-m.main+fp/hard/crt0.o
 .ARM.attributes
                0x0000000000000082       0x3a ./app.o
 .ARM.attributes
                0x00000000000000bc       0x3a ./main.o
 .ARM.attributes
                0x00000000000000f6       0x3a ./autogen/sl_board_default_init.o
 .ARM.attributes
                0x0000000000000130       0x3a ./autogen/sl_device_init_clocks.o
 .ARM.attributes
                0x000000000000016a       0x3a ./autogen/sl_event_handler.o
 .ARM.attributes
                0x00000000000001a4       0x3a ./gecko_sdk_4.4.0/hardware/board/src/sl_board_control_gpio.o
 .ARM.attributes
                0x00000000000001de       0x3a ./gecko_sdk_4.4.0/hardware/board/src/sl_board_init.o
 .ARM.attributes
                0x0000000000000218       0x3a ./gecko_sdk_4.4.0/platform/Device/SiliconLabs/BGM22/Source/startup_bgm22.o
 .ARM.attributes
                0x0000000000000252       0x3a ./gecko_sdk_4.4.0/platform/Device/SiliconLabs/BGM22/Source/system_bgm22.o
 .ARM.attributes
                0x000000000000028c       0x3a ./gecko_sdk_4.4.0/platform/common/src/sl_assert.o
 .ARM.attributes
                0x00000000000002c6       0x3a ./gecko_sdk_4.4.0/platform/common/src/sl_syscalls.o
 .ARM.attributes
                0x0000000000000300       0x3a ./gecko_sdk_4.4.0/platform/common/toolchain/src/sl_memory.o
 .ARM.attributes
                0x000000000000033a       0x3a ./gecko_sdk_4.4.0/platform/emlib/src/em_cmu.o
 .ARM.attributes
                0x0000000000000374       0x3a ./gecko_sdk_4.4.0/platform/emlib/src/em_core.o
 .ARM.attributes
                0x00000000000003ae       0x3a ./gecko_sdk_4.4.0/platform/emlib/src/em_emu.o
 .ARM.attributes
                0x00000000000003e8       0x3a ./gecko_sdk_4.4.0/platform/emlib/src/em_gpio.o
 .ARM.attributes
                0x0000000000000422       0x3a ./gecko_sdk_4.4.0/platform/emlib/src/em_system.o
 .ARM.attributes
                0x000000000000045c       0x3a ./gecko_sdk_4.4.0/platform/emlib/src/em_usart.o
 .ARM.attributes
                0x0000000000000496       0x3a ./gecko_sdk_4.4.0/platform/service/device_init/src/sl_device_init_dcdc_s2.o
 .ARM.attributes
                0x00000000000004d0       0x3a ./gecko_sdk_4.4.0/platform/service/device_init/src/sl_device_init_emu_s2.o
 .ARM.attributes
                0x000000000000050a       0x3a ./gecko_sdk_4.4.0/platform/service/device_init/src/sl_device_init_hfxo_s2.o
 .ARM.attributes
                0x0000000000000544       0x3a ./gecko_sdk_4.4.0/platform/service/device_init/src/sl_device_init_lfxo_s2.o
 .ARM.attributes
                0x000000000000057e       0x3a ./gecko_sdk_4.4.0/platform/service/device_init/src/sl_device_init_nvic.o
 .ARM.attributes
                0x00000000000005b8       0x3a ./gecko_sdk_4.4.0/platform/service/system/src/sl_system_init.o
 .ARM.attributes
                0x00000000000005f2       0x3a ./gecko_sdk_4.4.0/platform/service/system/src/sl_system_process_action.o
 .ARM.attributes
                0x000000000000062c       0x38 /home/aatir/SimplicityStudio_v5/developer/toolchains/gnu_arm/12.2.rel1_2023.7/bin/../lib/gcc/arm-none-eabi/12.2.1/../../../../arm-none-eabi/lib/thumb/v8-m.main+fp/hard/libc_nano.a(libc_a-exit.o)
 .ARM.attributes
                0x0000000000000664       0x38 /home/aatir/SimplicityStudio_v5/developer/toolchains/gnu_arm/12.2.rel1_2023.7/bin/../lib/gcc/arm-none-eabi/12.2.1/../../../../arm-none-eabi/lib/thumb/v8-m.main+fp/hard/libc_nano.a(libc_a-init.o)
 .ARM.attributes
                0x000000000000069c       0x38 /home/aatir/SimplicityStudio_v5/developer/toolchains/gnu_arm/12.2.rel1_2023.7/bin/../lib/gcc/arm-none-eabi/12.2.1/../../../../arm-none-eabi/lib/thumb/v8-m.main+fp/hard/libc_nano.a(libc_a-findfp.o)
 .ARM.attributes
                0x00000000000006d4       0x38 /home/aatir/SimplicityStudio_v5/developer/toolchains/gnu_arm/12.2.rel1_2023.7/bin/../lib/gcc/arm-none-eabi/12.2.1/../../../../arm-none-eabi/lib/thumb/v8-m.main+fp/hard/libc_nano.a(libc_a-memset.o)
 .ARM.attributes
                0x000000000000070c       0x38 /home/aatir/SimplicityStudio_v5/developer/toolchains/gnu_arm/12.2.rel1_2023.7/bin/../lib/gcc/arm-none-eabi/12.2.1/thumb/v8-m.main+fp/hard/crtend.o
 .ARM.attributes
                0x0000000000000744       0x26 /home/aatir/SimplicityStudio_v5/developer/toolchains/gnu_arm/12.2.rel1_2023.7/bin/../lib/gcc/arm-none-eabi/12.2.1/thumb/v8-m.main+fp/hard/crtn.o

.comment        0x0000000000000000       0x45
 .comment       0x0000000000000000       0x45 ./app.o
                                         0x46 (size before relaxing)
 .comment       0x0000000000000045       0x46 ./main.o
 .comment       0x0000000000000045       0x46 ./autogen/sl_board_default_init.o
 .comment       0x0000000000000045       0x46 ./autogen/sl_device_init_clocks.o
 .comment       0x0000000000000045       0x46 ./autogen/sl_event_handler.o
 .comment       0x0000000000000045       0x46 ./gecko_sdk_4.4.0/hardware/board/src/sl_board_control_gpio.o
 .comment       0x0000000000000045       0x46 ./gecko_sdk_4.4.0/hardware/board/src/sl_board_init.o
 .comment       0x0000000000000045       0x46 ./gecko_sdk_4.4.0/platform/Device/SiliconLabs/BGM22/Source/startup_bgm22.o
 .comment       0x0000000000000045       0x46 ./gecko_sdk_4.4.0/platform/Device/SiliconLabs/BGM22/Source/system_bgm22.o
 .comment       0x0000000000000045       0x46 ./gecko_sdk_4.4.0/platform/common/src/sl_assert.o
 .comment       0x0000000000000045       0x46 ./gecko_sdk_4.4.0/platform/common/src/sl_syscalls.o
 .comment       0x0000000000000045       0x46 ./gecko_sdk_4.4.0/platform/common/toolchain/src/sl_memory.o
 .comment       0x0000000000000045       0x46 ./gecko_sdk_4.4.0/platform/emlib/src/em_cmu.o
 .comment       0x0000000000000045       0x46 ./gecko_sdk_4.4.0/platform/emlib/src/em_core.o
 .comment       0x0000000000000045       0x46 ./gecko_sdk_4.4.0/platform/emlib/src/em_emu.o
 .comment       0x0000000000000045       0x46 ./gecko_sdk_4.4.0/platform/emlib/src/em_gpio.o
 .comment       0x0000000000000045       0x46 ./gecko_sdk_4.4.0/platform/emlib/src/em_system.o
 .comment       0x0000000000000045       0x46 ./gecko_sdk_4.4.0/platform/emlib/src/em_usart.o
 .comment       0x0000000000000045       0x46 ./gecko_sdk_4.4.0/platform/service/device_init/src/sl_device_init_dcdc_s2.o
 .comment       0x0000000000000045       0x46 ./gecko_sdk_4.4.0/platform/service/device_init/src/sl_device_init_emu_s2.o
 .comment       0x0000000000000045       0x46 ./gecko_sdk_4.4.0/platform/service/device_init/src/sl_device_init_hfxo_s2.o
 .comment       0x0000000000000045       0x46 ./gecko_sdk_4.4.0/platform/service/device_init/src/sl_device_init_lfxo_s2.o
 .comment       0x0000000000000045       0x46 ./gecko_sdk_4.4.0/platform/service/device_init/src/sl_device_init_nvic.o
 .comment       0x0000000000000045       0x46 ./gecko_sdk_4.4.0/platform/service/system/src/sl_system_init.o
 .comment       0x0000000000000045       0x46 ./gecko_sdk_4.4.0/platform/service/system/src/sl_system_process_action.o

.debug_line_str
                0x0000000000000000       0xe0
 .debug_line_str
                0x0000000000000000       0xe0 /home/aatir/SimplicityStudio_v5/developer/toolchains/gnu_arm/12.2.rel1_2023.7/bin/../lib/gcc/arm-none-eabi/12.2.1/../../../../arm-none-eabi/lib/thumb/v8-m.main+fp/hard/crt0.o

.debug_info     0x0000000000000000    0x1daef
 .debug_info    0x0000000000000000     0x2303 ./app.o
 .debug_info    0x0000000000002303       0xe3 ./main.o
 .debug_info    0x00000000000023e6       0x86 ./autogen/sl_board_default_init.o
 .debug_info    0x000000000000246c     0x11e8 ./autogen/sl_device_init_clocks.o
 .debug_info    0x0000000000003654      0xea2 ./autogen/sl_event_handler.o
 .debug_info    0x00000000000044f6      0x3c2 ./gecko_sdk_4.4.0/hardware/board/src/sl_board_control_gpio.o
 .debug_info    0x00000000000048b8      0x2ae ./gecko_sdk_4.4.0/hardware/board/src/sl_board_init.o
 .debug_info    0x0000000000004b66      0x3ad ./gecko_sdk_4.4.0/platform/Device/SiliconLabs/BGM22/Source/startup_bgm22.o
 .debug_info    0x0000000000004f13     0x201d ./gecko_sdk_4.4.0/platform/Device/SiliconLabs/BGM22/Source/system_bgm22.o
 .debug_info    0x0000000000006f30       0x86 ./gecko_sdk_4.4.0/platform/common/src/sl_assert.o
 .debug_info    0x0000000000006fb6      0x306 ./gecko_sdk_4.4.0/platform/common/src/sl_syscalls.o
 .debug_info    0x00000000000072bc      0x205 ./gecko_sdk_4.4.0/platform/common/toolchain/src/sl_memory.o
 .debug_info    0x00000000000074c1     0x78e7 ./gecko_sdk_4.4.0/platform/emlib/src/em_cmu.o
 .debug_info    0x000000000000eda8     0x13b2 ./gecko_sdk_4.4.0/platform/emlib/src/em_core.o
 .debug_info    0x000000000001015a     0x3b11 ./gecko_sdk_4.4.0/platform/emlib/src/em_emu.o
 .debug_info    0x0000000000013c6b     0x21ae ./gecko_sdk_4.4.0/platform/emlib/src/em_gpio.o
 .debug_info    0x0000000000015e19     0x1b6a ./gecko_sdk_4.4.0/platform/emlib/src/em_system.o
 .debug_info    0x0000000000017983     0x4080 ./gecko_sdk_4.4.0/platform/emlib/src/em_usart.o
 .debug_info    0x000000000001ba03      0x2c7 ./gecko_sdk_4.4.0/platform/service/device_init/src/sl_device_init_dcdc_s2.o
 .debug_info    0x000000000001bcca      0x9b5 ./gecko_sdk_4.4.0/platform/service/device_init/src/sl_device_init_emu_s2.o
 .debug_info    0x000000000001c67f      0x899 ./gecko_sdk_4.4.0/platform/service/device_init/src/sl_device_init_hfxo_s2.o
 .debug_info    0x000000000001cf18      0x29e ./gecko_sdk_4.4.0/platform/service/device_init/src/sl_device_init_lfxo_s2.o
 .debug_info    0x000000000001d1b6      0x7ff ./gecko_sdk_4.4.0/platform/service/device_init/src/sl_device_init_nvic.o
 .debug_info    0x000000000001d9b5       0xa7 ./gecko_sdk_4.4.0/platform/service/system/src/sl_system_init.o
 .debug_info    0x000000000001da5c       0x93 ./gecko_sdk_4.4.0/platform/service/system/src/sl_system_process_action.o

.debug_abbrev   0x0000000000000000     0x2ea6
 .debug_abbrev  0x0000000000000000      0x283 ./app.o
 .debug_abbrev  0x0000000000000283       0x66 ./main.o
 .debug_abbrev  0x00000000000002e9       0x46 ./autogen/sl_board_default_init.o
 .debug_abbrev  0x000000000000032f       0xde ./autogen/sl_device_init_clocks.o
 .debug_abbrev  0x000000000000040d      0x1a9 ./autogen/sl_event_handler.o
 .debug_abbrev  0x00000000000005b6      0x185 ./gecko_sdk_4.4.0/hardware/board/src/sl_board_control_gpio.o
 .debug_abbrev  0x000000000000073b      0x10b ./gecko_sdk_4.4.0/hardware/board/src/sl_board_init.o
 .debug_abbrev  0x0000000000000846      0x22e ./gecko_sdk_4.4.0/platform/Device/SiliconLabs/BGM22/Source/startup_bgm22.o
 .debug_abbrev  0x0000000000000a74      0x34d ./gecko_sdk_4.4.0/platform/Device/SiliconLabs/BGM22/Source/system_bgm22.o
 .debug_abbrev  0x0000000000000dc1       0x6c ./gecko_sdk_4.4.0/platform/common/src/sl_assert.o
 .debug_abbrev  0x0000000000000e2d      0x143 ./gecko_sdk_4.4.0/platform/common/src/sl_syscalls.o
 .debug_abbrev  0x0000000000000f70      0x11e ./gecko_sdk_4.4.0/platform/common/toolchain/src/sl_memory.o
 .debug_abbrev  0x000000000000108e      0x5d1 ./gecko_sdk_4.4.0/platform/emlib/src/em_cmu.o
 .debug_abbrev  0x000000000000165f      0x32f ./gecko_sdk_4.4.0/platform/emlib/src/em_core.o
 .debug_abbrev  0x000000000000198e      0x538 ./gecko_sdk_4.4.0/platform/emlib/src/em_emu.o
 .debug_abbrev  0x0000000000001ec6      0x32f ./gecko_sdk_4.4.0/platform/emlib/src/em_gpio.o
 .debug_abbrev  0x00000000000021f5      0x2a6 ./gecko_sdk_4.4.0/platform/emlib/src/em_system.o
 .debug_abbrev  0x000000000000249b      0x341 ./gecko_sdk_4.4.0/platform/emlib/src/em_usart.o
 .debug_abbrev  0x00000000000027dc       0xf8 ./gecko_sdk_4.4.0/platform/service/device_init/src/sl_device_init_dcdc_s2.o
 .debug_abbrev  0x00000000000028d4      0x149 ./gecko_sdk_4.4.0/platform/service/device_init/src/sl_device_init_emu_s2.o
 .debug_abbrev  0x0000000000002a1d      0x181 ./gecko_sdk_4.4.0/platform/service/device_init/src/sl_device_init_hfxo_s2.o
 .debug_abbrev  0x0000000000002b9e      0x105 ./gecko_sdk_4.4.0/platform/service/device_init/src/sl_device_init_lfxo_s2.o
 .debug_abbrev  0x0000000000002ca3      0x14b ./gecko_sdk_4.4.0/platform/service/device_init/src/sl_device_init_nvic.o
 .debug_abbrev  0x0000000000002dee       0x5c ./gecko_sdk_4.4.0/platform/service/system/src/sl_system_init.o
 .debug_abbrev  0x0000000000002e4a       0x5c ./gecko_sdk_4.4.0/platform/service/system/src/sl_system_process_action.o

.debug_loc      0x0000000000000000     0x6a61
 .debug_loc     0x0000000000000000      0x124 ./app.o
 .debug_loc     0x0000000000000124       0x20 ./main.o
 .debug_loc     0x0000000000000144       0x20 ./autogen/sl_device_init_clocks.o
 .debug_loc     0x0000000000000164       0x49 ./autogen/sl_event_handler.o
 .debug_loc     0x00000000000001ad      0x20a ./gecko_sdk_4.4.0/hardware/board/src/sl_board_control_gpio.o
 .debug_loc     0x00000000000003b7       0x2c ./gecko_sdk_4.4.0/hardware/board/src/sl_board_init.o
 .debug_loc     0x00000000000003e3       0x8e ./gecko_sdk_4.4.0/platform/Device/SiliconLabs/BGM22/Source/startup_bgm22.o
 .debug_loc     0x0000000000000471      0x22a ./gecko_sdk_4.4.0/platform/Device/SiliconLabs/BGM22/Source/system_bgm22.o
 .debug_loc     0x000000000000069b       0x2a ./gecko_sdk_4.4.0/platform/common/src/sl_assert.o
 .debug_loc     0x00000000000006c5      0x118 ./gecko_sdk_4.4.0/platform/common/src/sl_syscalls.o
 .debug_loc     0x00000000000007dd       0xa9 ./gecko_sdk_4.4.0/platform/common/toolchain/src/sl_memory.o
 .debug_loc     0x0000000000000886     0x382a ./gecko_sdk_4.4.0/platform/emlib/src/em_cmu.o
 .debug_loc     0x00000000000040b0      0x926 ./gecko_sdk_4.4.0/platform/emlib/src/em_core.o
 .debug_loc     0x00000000000049d6      0x950 ./gecko_sdk_4.4.0/platform/emlib/src/em_emu.o
 .debug_loc     0x0000000000005326      0x93d ./gecko_sdk_4.4.0/platform/emlib/src/em_gpio.o
 .debug_loc     0x0000000000005c63      0x146 ./gecko_sdk_4.4.0/platform/emlib/src/em_system.o
 .debug_loc     0x0000000000005da9      0xa9a ./gecko_sdk_4.4.0/platform/emlib/src/em_usart.o
 .debug_loc     0x0000000000006843       0x2c ./gecko_sdk_4.4.0/platform/service/device_init/src/sl_device_init_dcdc_s2.o
 .debug_loc     0x000000000000686f       0x2c ./gecko_sdk_4.4.0/platform/service/device_init/src/sl_device_init_emu_s2.o
 .debug_loc     0x000000000000689b       0xbd ./gecko_sdk_4.4.0/platform/service/device_init/src/sl_device_init_hfxo_s2.o
 .debug_loc     0x0000000000006958       0x38 ./gecko_sdk_4.4.0/platform/service/device_init/src/sl_device_init_lfxo_s2.o
 .debug_loc     0x0000000000006990       0x79 ./gecko_sdk_4.4.0/platform/service/device_init/src/sl_device_init_nvic.o
 .debug_loc     0x0000000000006a09       0x2c ./gecko_sdk_4.4.0/platform/service/system/src/sl_system_init.o
 .debug_loc     0x0000000000006a35       0x2c ./gecko_sdk_4.4.0/platform/service/system/src/sl_system_process_action.o

.debug_aranges  0x0000000000000000      0x960
 .debug_aranges
                0x0000000000000000       0x48 ./app.o
 .debug_aranges
                0x0000000000000048       0x20 ./main.o
 .debug_aranges
                0x0000000000000068       0x20 ./autogen/sl_board_default_init.o
 .debug_aranges
                0x0000000000000088       0x20 ./autogen/sl_device_init_clocks.o
 .debug_aranges
                0x00000000000000a8       0x60 ./autogen/sl_event_handler.o
 .debug_aranges
                0x0000000000000108       0x70 ./gecko_sdk_4.4.0/hardware/board/src/sl_board_control_gpio.o
 .debug_aranges
                0x0000000000000178       0x28 ./gecko_sdk_4.4.0/hardware/board/src/sl_board_init.o
 .debug_aranges
                0x00000000000001a0       0x30 ./gecko_sdk_4.4.0/platform/Device/SiliconLabs/BGM22/Source/startup_bgm22.o
 .debug_aranges
                0x00000000000001d0       0x90 ./gecko_sdk_4.4.0/platform/Device/SiliconLabs/BGM22/Source/system_bgm22.o
 .debug_aranges
                0x0000000000000260       0x20 ./gecko_sdk_4.4.0/platform/common/src/sl_assert.o
 .debug_aranges
                0x0000000000000280       0x68 ./gecko_sdk_4.4.0/platform/common/src/sl_syscalls.o
 .debug_aranges
                0x00000000000002e8       0x30 ./gecko_sdk_4.4.0/platform/common/toolchain/src/sl_memory.o
 .debug_aranges
                0x0000000000000318      0x1b8 ./gecko_sdk_4.4.0/platform/emlib/src/em_cmu.o
 .debug_aranges
                0x00000000000004d0       0xe8 ./gecko_sdk_4.4.0/platform/emlib/src/em_core.o
 .debug_aranges
                0x00000000000005b8      0x130 ./gecko_sdk_4.4.0/platform/emlib/src/em_emu.o
 .debug_aranges
                0x00000000000006e8       0x68 ./gecko_sdk_4.4.0/platform/emlib/src/em_gpio.o
 .debug_aranges
                0x0000000000000750       0x78 ./gecko_sdk_4.4.0/platform/emlib/src/em_system.o
 .debug_aranges
                0x00000000000007c8       0xb8 ./gecko_sdk_4.4.0/platform/emlib/src/em_usart.o
 .debug_aranges
                0x0000000000000880       0x20 ./gecko_sdk_4.4.0/platform/service/device_init/src/sl_device_init_dcdc_s2.o
 .debug_aranges
                0x00000000000008a0       0x20 ./gecko_sdk_4.4.0/platform/service/device_init/src/sl_device_init_emu_s2.o
 .debug_aranges
                0x00000000000008c0       0x20 ./gecko_sdk_4.4.0/platform/service/device_init/src/sl_device_init_hfxo_s2.o
 .debug_aranges
                0x00000000000008e0       0x20 ./gecko_sdk_4.4.0/platform/service/device_init/src/sl_device_init_lfxo_s2.o
 .debug_aranges
                0x0000000000000900       0x20 ./gecko_sdk_4.4.0/platform/service/device_init/src/sl_device_init_nvic.o
 .debug_aranges
                0x0000000000000920       0x20 ./gecko_sdk_4.4.0/platform/service/system/src/sl_system_init.o
 .debug_aranges
                0x0000000000000940       0x20 ./gecko_sdk_4.4.0/platform/service/system/src/sl_system_process_action.o

.debug_ranges   0x0000000000000000      0xd30
 .debug_ranges  0x0000000000000000       0x50 ./app.o
 .debug_ranges  0x0000000000000050       0x10 ./main.o
 .debug_ranges  0x0000000000000060       0x10 ./autogen/sl_board_default_init.o
 .debug_ranges  0x0000000000000070       0x10 ./autogen/sl_device_init_clocks.o
 .debug_ranges  0x0000000000000080       0x50 ./autogen/sl_event_handler.o
 .debug_ranges  0x00000000000000d0       0x60 ./gecko_sdk_4.4.0/hardware/board/src/sl_board_control_gpio.o
 .debug_ranges  0x0000000000000130       0x18 ./gecko_sdk_4.4.0/hardware/board/src/sl_board_init.o
 .debug_ranges  0x0000000000000148       0x88 ./gecko_sdk_4.4.0/platform/Device/SiliconLabs/BGM22/Source/startup_bgm22.o
 .debug_ranges  0x00000000000001d0       0x98 ./gecko_sdk_4.4.0/platform/Device/SiliconLabs/BGM22/Source/system_bgm22.o
 .debug_ranges  0x0000000000000268       0x10 ./gecko_sdk_4.4.0/platform/common/src/sl_assert.o
 .debug_ranges  0x0000000000000278       0x58 ./gecko_sdk_4.4.0/platform/common/src/sl_syscalls.o
 .debug_ranges  0x00000000000002d0       0x20 ./gecko_sdk_4.4.0/platform/common/toolchain/src/sl_memory.o
 .debug_ranges  0x00000000000002f0      0x338 ./gecko_sdk_4.4.0/platform/emlib/src/em_cmu.o
 .debug_ranges  0x0000000000000628      0x1a0 ./gecko_sdk_4.4.0/platform/emlib/src/em_core.o
 .debug_ranges  0x00000000000007c8      0x2b8 ./gecko_sdk_4.4.0/platform/emlib/src/em_emu.o
 .debug_ranges  0x0000000000000a80       0x70 ./gecko_sdk_4.4.0/platform/emlib/src/em_gpio.o
 .debug_ranges  0x0000000000000af0       0x80 ./gecko_sdk_4.4.0/platform/emlib/src/em_system.o
 .debug_ranges  0x0000000000000b70      0x108 ./gecko_sdk_4.4.0/platform/emlib/src/em_usart.o
 .debug_ranges  0x0000000000000c78       0x10 ./gecko_sdk_4.4.0/platform/service/device_init/src/sl_device_init_dcdc_s2.o
 .debug_ranges  0x0000000000000c88       0x10 ./gecko_sdk_4.4.0/platform/service/device_init/src/sl_device_init_emu_s2.o
 .debug_ranges  0x0000000000000c98       0x10 ./gecko_sdk_4.4.0/platform/service/device_init/src/sl_device_init_hfxo_s2.o
 .debug_ranges  0x0000000000000ca8       0x10 ./gecko_sdk_4.4.0/platform/service/device_init/src/sl_device_init_lfxo_s2.o
 .debug_ranges  0x0000000000000cb8       0x58 ./gecko_sdk_4.4.0/platform/service/device_init/src/sl_device_init_nvic.o
 .debug_ranges  0x0000000000000d10       0x10 ./gecko_sdk_4.4.0/platform/service/system/src/sl_system_init.o
 .debug_ranges  0x0000000000000d20       0x10 ./gecko_sdk_4.4.0/platform/service/system/src/sl_system_process_action.o

.debug_line     0x0000000000000000     0x81bb
 .debug_line    0x0000000000000000      0x347 ./app.o
 .debug_line    0x0000000000000347       0xc7 ./main.o
 .debug_line    0x000000000000040e       0x55 ./autogen/sl_board_default_init.o
 .debug_line    0x0000000000000463      0x24a ./autogen/sl_device_init_clocks.o
 .debug_line    0x00000000000006ad      0x42d ./autogen/sl_event_handler.o
 .debug_line    0x0000000000000ada      0x39b ./gecko_sdk_4.4.0/hardware/board/src/sl_board_control_gpio.o
 .debug_line    0x0000000000000e75      0x1b9 ./gecko_sdk_4.4.0/hardware/board/src/sl_board_init.o
 .debug_line    0x000000000000102e      0x2cc ./gecko_sdk_4.4.0/platform/Device/SiliconLabs/BGM22/Source/startup_bgm22.o
 .debug_line    0x00000000000012fa      0x51d ./gecko_sdk_4.4.0/platform/Device/SiliconLabs/BGM22/Source/system_bgm22.o
 .debug_line    0x0000000000001817       0x8a ./gecko_sdk_4.4.0/platform/common/src/sl_assert.o
 .debug_line    0x00000000000018a1      0x189 ./gecko_sdk_4.4.0/platform/common/src/sl_syscalls.o
 .debug_line    0x0000000000001a2a      0x2b2 ./gecko_sdk_4.4.0/platform/common/toolchain/src/sl_memory.o
 .debug_line    0x0000000000001cdc     0x28db ./gecko_sdk_4.4.0/platform/emlib/src/em_cmu.o
 .debug_line    0x00000000000045b7      0x9d3 ./gecko_sdk_4.4.0/platform/emlib/src/em_core.o
 .debug_line    0x0000000000004f8a      0xd91 ./gecko_sdk_4.4.0/platform/emlib/src/em_emu.o
 .debug_line    0x0000000000005d1b      0x644 ./gecko_sdk_4.4.0/platform/emlib/src/em_gpio.o
 .debug_line    0x000000000000635f      0x446 ./gecko_sdk_4.4.0/platform/emlib/src/em_system.o
 .debug_line    0x00000000000067a5      0xc9b ./gecko_sdk_4.4.0/platform/emlib/src/em_usart.o
 .debug_line    0x0000000000007440      0x1f8 ./gecko_sdk_4.4.0/platform/service/device_init/src/sl_device_init_dcdc_s2.o
 .debug_line    0x0000000000007638      0x25f ./gecko_sdk_4.4.0/platform/service/device_init/src/sl_device_init_emu_s2.o
 .debug_line    0x0000000000007897      0x2af ./gecko_sdk_4.4.0/platform/service/device_init/src/sl_device_init_hfxo_s2.o
 .debug_line    0x0000000000007b46      0x209 ./gecko_sdk_4.4.0/platform/service/device_init/src/sl_device_init_lfxo_s2.o
 .debug_line    0x0000000000007d4f      0x2c5 ./gecko_sdk_4.4.0/platform/service/device_init/src/sl_device_init_nvic.o
 .debug_line    0x0000000000008014       0xcf ./gecko_sdk_4.4.0/platform/service/system/src/sl_system_init.o
 .debug_line    0x00000000000080e3       0xd8 ./gecko_sdk_4.4.0/platform/service/system/src/sl_system_process_action.o

.debug_str      0x0000000000000000     0x87c1
 .debug_str     0x0000000000000000     0x1a89 ./app.o
                                       0x1c8d (size before relaxing)
 .debug_str     0x0000000000001a89       0x37 ./main.o
                                        0x20a (size before relaxing)
 .debug_str     0x0000000000001ac0       0x39 ./autogen/sl_board_default_init.o
                                        0x1ea (size before relaxing)
 .debug_str     0x0000000000001af9      0x801 ./autogen/sl_device_init_clocks.o
                                        0xc3c (size before relaxing)
 .debug_str     0x00000000000022fa      0x1a1 ./autogen/sl_event_handler.o
                                        0xcac (size before relaxing)
 .debug_str     0x000000000000249b      0x29f ./gecko_sdk_4.4.0/hardware/board/src/sl_board_control_gpio.o
                                        0x4ad (size before relaxing)
 .debug_str     0x000000000000273a       0x39 ./gecko_sdk_4.4.0/hardware/board/src/sl_board_init.o
                                        0x61c (size before relaxing)
 .debug_str     0x0000000000002773      0x1a4 ./gecko_sdk_4.4.0/platform/Device/SiliconLabs/BGM22/Source/startup_bgm22.o
                                        0x370 (size before relaxing)
 .debug_str     0x0000000000002917      0x9d2 ./gecko_sdk_4.4.0/platform/Device/SiliconLabs/BGM22/Source/system_bgm22.o
                                       0x1531 (size before relaxing)
 .debug_str     0x00000000000032e9       0x40 ./gecko_sdk_4.4.0/platform/common/src/sl_assert.o
                                        0x17c (size before relaxing)
 .debug_str     0x0000000000003329       0x95 ./gecko_sdk_4.4.0/platform/common/src/sl_syscalls.o
                                        0x25c (size before relaxing)
 .debug_str     0x00000000000033be       0xe1 ./gecko_sdk_4.4.0/platform/common/toolchain/src/sl_memory.o
                                        0x2b6 (size before relaxing)
 .debug_str     0x000000000000349f     0x195c ./gecko_sdk_4.4.0/platform/emlib/src/em_cmu.o
                                       0x3599 (size before relaxing)
 .debug_str     0x0000000000004dfb      0x328 ./gecko_sdk_4.4.0/platform/emlib/src/em_core.o
                                        0xa7a (size before relaxing)
 .debug_str     0x0000000000005123      0xa0e ./gecko_sdk_4.4.0/platform/emlib/src/em_emu.o
                                       0x23d3 (size before relaxing)
 .debug_str     0x0000000000005b31      0x135 ./gecko_sdk_4.4.0/platform/emlib/src/em_gpio.o
                                       0x134f (size before relaxing)
 .debug_str     0x0000000000005c66      0x320 ./gecko_sdk_4.4.0/platform/emlib/src/em_system.o
                                       0x138e (size before relaxing)
 .debug_str     0x0000000000005f86     0x1fae ./gecko_sdk_4.4.0/platform/emlib/src/em_usart.o
                                       0x3883 (size before relaxing)
 .debug_str     0x0000000000007f34       0x50 ./gecko_sdk_4.4.0/platform/service/device_init/src/sl_device_init_dcdc_s2.o
                                        0x62e (size before relaxing)
 .debug_str     0x0000000000007f84       0x58 ./gecko_sdk_4.4.0/platform/service/device_init/src/sl_device_init_emu_s2.o
                                        0x80e (size before relaxing)
 .debug_str     0x0000000000007fdc      0x527 ./gecko_sdk_4.4.0/platform/service/device_init/src/sl_device_init_hfxo_s2.o
                                        0xbd2 (size before relaxing)
 .debug_str     0x0000000000008503      0x1c5 ./gecko_sdk_4.4.0/platform/service/device_init/src/sl_device_init_lfxo_s2.o
                                        0x4b0 (size before relaxing)
 .debug_str     0x00000000000086c8       0x69 ./gecko_sdk_4.4.0/platform/service/device_init/src/sl_device_init_nvic.o
                                        0x770 (size before relaxing)
 .debug_str     0x0000000000008731       0x43 ./gecko_sdk_4.4.0/platform/service/system/src/sl_system_init.o
                                        0x1d2 (size before relaxing)
 .debug_str     0x0000000000008774       0x4d ./gecko_sdk_4.4.0/platform/service/system/src/sl_system_process_action.o
                                        0x1ff (size before relaxing)

.debug_frame    0x0000000000000000     0x1728
 .debug_frame   0x0000000000000000       0xb4 ./app.o
 .debug_frame   0x00000000000000b4       0x28 ./main.o
 .debug_frame   0x00000000000000dc       0x20 ./autogen/sl_board_default_init.o
 .debug_frame   0x00000000000000fc       0x28 ./autogen/sl_device_init_clocks.o
 .debug_frame   0x0000000000000124       0xac ./autogen/sl_event_handler.o
 .debug_frame   0x00000000000001d0       0xf0 ./gecko_sdk_4.4.0/hardware/board/src/sl_board_control_gpio.o
 .debug_frame   0x00000000000002c0       0x3c ./gecko_sdk_4.4.0/hardware/board/src/sl_board_init.o
 .debug_frame   0x00000000000002fc       0x48 ./gecko_sdk_4.4.0/platform/Device/SiliconLabs/BGM22/Source/startup_bgm22.o
 .debug_frame   0x0000000000000344      0x118 ./gecko_sdk_4.4.0/platform/Device/SiliconLabs/BGM22/Source/system_bgm22.o
 .debug_frame   0x000000000000045c       0x20 ./gecko_sdk_4.4.0/platform/common/src/sl_assert.o
 .debug_frame   0x000000000000047c       0xb0 ./gecko_sdk_4.4.0/platform/common/src/sl_syscalls.o
 .debug_frame   0x000000000000052c       0x40 ./gecko_sdk_4.4.0/platform/common/toolchain/src/sl_memory.o
 .debug_frame   0x000000000000056c      0x55c ./gecko_sdk_4.4.0/platform/emlib/src/em_cmu.o
 .debug_frame   0x0000000000000ac8      0x240 ./gecko_sdk_4.4.0/platform/emlib/src/em_core.o
 .debug_frame   0x0000000000000d08      0x304 ./gecko_sdk_4.4.0/platform/emlib/src/em_emu.o
 .debug_frame   0x000000000000100c      0x168 ./gecko_sdk_4.4.0/platform/emlib/src/em_gpio.o
 .debug_frame   0x0000000000001174       0xd8 ./gecko_sdk_4.4.0/platform/emlib/src/em_system.o
 .debug_frame   0x000000000000124c      0x1ec ./gecko_sdk_4.4.0/platform/emlib/src/em_usart.o
 .debug_frame   0x0000000000001438       0x28 ./gecko_sdk_4.4.0/platform/service/device_init/src/sl_device_init_dcdc_s2.o
 .debug_frame   0x0000000000001460       0x2c ./gecko_sdk_4.4.0/platform/service/device_init/src/sl_device_init_emu_s2.o
 .debug_frame   0x000000000000148c       0x34 ./gecko_sdk_4.4.0/platform/service/device_init/src/sl_device_init_hfxo_s2.o
 .debug_frame   0x00000000000014c0       0x30 ./gecko_sdk_4.4.0/platform/service/device_init/src/sl_device_init_lfxo_s2.o
 .debug_frame   0x00000000000014f0       0x28 ./gecko_sdk_4.4.0/platform/service/device_init/src/sl_device_init_nvic.o
 .debug_frame   0x0000000000001518       0x2c ./gecko_sdk_4.4.0/platform/service/system/src/sl_system_init.o
 .debug_frame   0x0000000000001544       0x2c ./gecko_sdk_4.4.0/platform/service/system/src/sl_system_process_action.o
 .debug_frame   0x0000000000001570       0x28 /home/aatir/SimplicityStudio_v5/developer/toolchains/gnu_arm/12.2.rel1_2023.7/bin/../lib/gcc/arm-none-eabi/12.2.1/../../../../arm-none-eabi/lib/thumb/v8-m.main+fp/hard/libc_nano.a(libc_a-exit.o)
 .debug_frame   0x0000000000001598       0x2c /home/aatir/SimplicityStudio_v5/developer/toolchains/gnu_arm/12.2.rel1_2023.7/bin/../lib/gcc/arm-none-eabi/12.2.1/../../../../arm-none-eabi/lib/thumb/v8-m.main+fp/hard/libc_nano.a(libc_a-init.o)
 .debug_frame   0x00000000000015c4      0x144 /home/aatir/SimplicityStudio_v5/developer/toolchains/gnu_arm/12.2.rel1_2023.7/bin/../lib/gcc/arm-none-eabi/12.2.1/../../../../arm-none-eabi/lib/thumb/v8-m.main+fp/hard/libc_nano.a(libc_a-findfp.o)
 .debug_frame   0x0000000000001708       0x20 /home/aatir/SimplicityStudio_v5/developer/toolchains/gnu_arm/12.2.rel1_2023.7/bin/../lib/gcc/arm-none-eabi/12.2.1/../../../../arm-none-eabi/lib/thumb/v8-m.main+fp/hard/libc_nano.a(libc_a-memset.o)
